atomic_base.h:99:3:constexpr std::memory_order std::operator&(std::memory_order, std::__memory_order_modifier)	16	static
atomic:108:5:void std::atomic<bool>::store(bool, std::memory_order) volatile	24	static
atomic:116:5:bool std::atomic<bool>::load(std::memory_order) const volatile	24	static
Timersetting.h:49:20:void Timers::Motor::setPWMA(uint8_t, uint8_t)	16	static
SysTickTimer.h:39:7:void SysTickTimer::start()	24	static
SysTickTimer.h:74:7:bool SysTickTimer::isSysTick()	24	static
SysTickTimer.h:90:7:void SysTickTimer::resetTimingControl()	16	static
main.cpp:80:5:int main()	16	static
main.cpp:149:6:void SystemClock_Config()	88	static
main.cpp:194:13:void MX_TIM1_Init()	32	static
main.cpp:251:13:void MX_TIM3_Init()	32	static
main.cpp:307:13:void MX_TIM4_Init()	64	static
main.cpp:378:13:void MX_TIM5_Init()	32	static
main.cpp:434:13:void MX_TIM12_Init()	72	static
main.cpp:497:13:void MX_USART3_UART_Init()	8	static
main.cpp:530:13:void MX_GPIO_Init()	56	static
main.cpp:617:6:void Error_Handler()	4	static,ignoring_inline_asm
