atomic_base.h:99:3:constexpr std::memory_order std::operator&(std::memory_order, std::__memory_order_modifier)	16	static
SysTickTimer.h:49:11:uint32_t SysTickTimer::getTime()	24	static
PowerCtrl.cpp:10:1:PowerCtrl::PowerCtrl()	16	static
PowerCtrl.cpp:14:1:PowerCtrl::~PowerCtrl()	16	static
PowerCtrl.cpp:14:1:virtual PowerCtrl::~PowerCtrl()	16	static
PowerCtrl.cpp:18:6:void PowerCtrl::initPower()	48	static
PowerCtrl.cpp:42:6:bool PowerCtrl::setVCCPower(bool)	32	static
PowerCtrl.cpp:54:6:bool PowerCtrl::getEN_VCC()	16	static
PowerCtrl.cpp:60:1:void __static_initialization_and_destruction_0(int, int)	16	static
PowerCtrl.cpp:60:1:cpp)	8	static
PowerCtrl.cpp:60:1:cpp)	8	static
