atomic_base.h:99:3:constexpr std::memory_order std::operator&(std::memory_order, std::__memory_order_modifier)	16	static
atomic:90:5:std::atomic<bool>::operator bool() const volatile	24	static
atomic:108:5:void std::atomic<bool>::store(bool, std::memory_order) volatile	24	static
core_cm4.h:1816:22:void __NVIC_SetPriority(IRQn_Type, uint32_t)	16	static
core_cm4.h:2022:26:uint32_t SysTick_Config(uint32_t)	16	static
SysTickTimer.h:108:14:static void SysTickTimer::tick()	16	static
SysTickTimer.cpp:26:6:static void SysTickTimer::sleep(uint32_t)	24	static
SysTickTimer.cpp:38:1:SysTickTimer::SysTickTimer()	16	static
SysTickTimer.cpp:42:1:SysTickTimer::~SysTickTimer()	16	static
SysTickTimer.cpp:42:1:virtual SysTickTimer::~SysTickTimer()	16	static
SysTickTimer.cpp:46:6:void SysTick_Handler()	8	static
SysTickTimer.cpp:49:1:void __static_initialization_and_destruction_0(int, int)	16	static
SysTickTimer.cpp:49:1:cpp)	8	static
SysTickTimer.cpp:49:1:cpp)	8	static
