Archive member included to satisfy reference by file (symbol)

/opt/st/stm32cubeide_1.6.0/plugins/com.st.stm32cube.ide.mcu.externaltools.gnu-tools-for-stm32.9-2020-q2-update.linux64_1.5.0.202011040924/tools/bin/../lib/gcc/arm-none-eabi/9.3.1/../../../../arm-none-eabi/lib/thumb/v7e-m/nofp/libstdc++.a(atexit_arm.o)
                              CMakeFiles/doggy2_lite.elf.dir/Core/Src/DebugPins.cpp.obj (__aeabi_atexit)
/opt/st/stm32cubeide_1.6.0/plugins/com.st.stm32cube.ide.mcu.externaltools.gnu-tools-for-stm32.9-2020-q2-update.linux64_1.5.0.202011040924/tools/bin/../lib/gcc/arm-none-eabi/9.3.1/../../../../arm-none-eabi/lib/thumb/v7e-m/nofp/libstdc++.a(class_type_info.o)
                              CMakeFiles/doggy2_lite.elf.dir/Core/Src/Doggy2Controller.cpp.obj (vtable for __cxxabiv1::__class_type_info)
/opt/st/stm32cubeide_1.6.0/plugins/com.st.stm32cube.ide.mcu.externaltools.gnu-tools-for-stm32.9-2020-q2-update.linux64_1.5.0.202011040924/tools/bin/../lib/gcc/arm-none-eabi/9.3.1/../../../../arm-none-eabi/lib/thumb/v7e-m/nofp/libstdc++.a(del_op.o)
                              CMakeFiles/doggy2_lite.elf.dir/Core/Src/Doggy2Controller.cpp.obj (operator delete(void*))
/opt/st/stm32cubeide_1.6.0/plugins/com.st.stm32cube.ide.mcu.externaltools.gnu-tools-for-stm32.9-2020-q2-update.linux64_1.5.0.202011040924/tools/bin/../lib/gcc/arm-none-eabi/9.3.1/../../../../arm-none-eabi/lib/thumb/v7e-m/nofp/libstdc++.a(del_ops.o)
                              /opt/st/stm32cubeide_1.6.0/plugins/com.st.stm32cube.ide.mcu.externaltools.gnu-tools-for-stm32.9-2020-q2-update.linux64_1.5.0.202011040924/tools/bin/../lib/gcc/arm-none-eabi/9.3.1/../../../../arm-none-eabi/lib/thumb/v7e-m/nofp/libstdc++.a(class_type_info.o) (operator delete(void*, unsigned int))
/opt/st/stm32cubeide_1.6.0/plugins/com.st.stm32cube.ide.mcu.externaltools.gnu-tools-for-stm32.9-2020-q2-update.linux64_1.5.0.202011040924/tools/bin/../lib/gcc/arm-none-eabi/9.3.1/../../../../arm-none-eabi/lib/thumb/v7e-m/nofp/libstdc++.a(eh_arm.o)
                              CMakeFiles/doggy2_lite.elf.dir/Core/Src/Doggy2Controller.cpp.obj (__cxa_end_cleanup)
/opt/st/stm32cubeide_1.6.0/plugins/com.st.stm32cube.ide.mcu.externaltools.gnu-tools-for-stm32.9-2020-q2-update.linux64_1.5.0.202011040924/tools/bin/../lib/gcc/arm-none-eabi/9.3.1/../../../../arm-none-eabi/lib/thumb/v7e-m/nofp/libstdc++.a(eh_exception.o)
                              /opt/st/stm32cubeide_1.6.0/plugins/com.st.stm32cube.ide.mcu.externaltools.gnu-tools-for-stm32.9-2020-q2-update.linux64_1.5.0.202011040924/tools/bin/../lib/gcc/arm-none-eabi/9.3.1/../../../../arm-none-eabi/lib/thumb/v7e-m/nofp/libstdc++.a(eh_arm.o) (typeinfo for __cxxabiv1::__forced_unwind)
/opt/st/stm32cubeide_1.6.0/plugins/com.st.stm32cube.ide.mcu.externaltools.gnu-tools-for-stm32.9-2020-q2-update.linux64_1.5.0.202011040924/tools/bin/../lib/gcc/arm-none-eabi/9.3.1/../../../../arm-none-eabi/lib/thumb/v7e-m/nofp/libstdc++.a(eh_globals.o)
                              /opt/st/stm32cubeide_1.6.0/plugins/com.st.stm32cube.ide.mcu.externaltools.gnu-tools-for-stm32.9-2020-q2-update.linux64_1.5.0.202011040924/tools/bin/../lib/gcc/arm-none-eabi/9.3.1/../../../../arm-none-eabi/lib/thumb/v7e-m/nofp/libstdc++.a(eh_arm.o) (__cxa_get_globals)
/opt/st/stm32cubeide_1.6.0/plugins/com.st.stm32cube.ide.mcu.externaltools.gnu-tools-for-stm32.9-2020-q2-update.linux64_1.5.0.202011040924/tools/bin/../lib/gcc/arm-none-eabi/9.3.1/../../../../arm-none-eabi/lib/thumb/v7e-m/nofp/libstdc++.a(eh_personality.o)
                              CMakeFiles/doggy2_lite.elf.dir/Core/Src/Doggy2Controller.cpp.obj (__gxx_personality_v0)
/opt/st/stm32cubeide_1.6.0/plugins/com.st.stm32cube.ide.mcu.externaltools.gnu-tools-for-stm32.9-2020-q2-update.linux64_1.5.0.202011040924/tools/bin/../lib/gcc/arm-none-eabi/9.3.1/../../../../arm-none-eabi/lib/thumb/v7e-m/nofp/libstdc++.a(eh_terminate.o)
                              /opt/st/stm32cubeide_1.6.0/plugins/com.st.stm32cube.ide.mcu.externaltools.gnu-tools-for-stm32.9-2020-q2-update.linux64_1.5.0.202011040924/tools/bin/../lib/gcc/arm-none-eabi/9.3.1/../../../../arm-none-eabi/lib/thumb/v7e-m/nofp/libstdc++.a(eh_arm.o) (std::terminate())
/opt/st/stm32cubeide_1.6.0/plugins/com.st.stm32cube.ide.mcu.externaltools.gnu-tools-for-stm32.9-2020-q2-update.linux64_1.5.0.202011040924/tools/bin/../lib/gcc/arm-none-eabi/9.3.1/../../../../arm-none-eabi/lib/thumb/v7e-m/nofp/libstdc++.a(eh_unex_handler.o)
                              /opt/st/stm32cubeide_1.6.0/plugins/com.st.stm32cube.ide.mcu.externaltools.gnu-tools-for-stm32.9-2020-q2-update.linux64_1.5.0.202011040924/tools/bin/../lib/gcc/arm-none-eabi/9.3.1/../../../../arm-none-eabi/lib/thumb/v7e-m/nofp/libstdc++.a(eh_terminate.o) (__cxxabiv1::__unexpected_handler)
/opt/st/stm32cubeide_1.6.0/plugins/com.st.stm32cube.ide.mcu.externaltools.gnu-tools-for-stm32.9-2020-q2-update.linux64_1.5.0.202011040924/tools/bin/../lib/gcc/arm-none-eabi/9.3.1/../../../../arm-none-eabi/lib/thumb/v7e-m/nofp/libstdc++.a(new_op.o)
[...]
Memory Configuration

Name             Origin             Length             Attributes
CCMRAM           0x0000000010000000 0x0000000000010000 xrw
RAM              0x0000000020000000 0x0000000000020000 xrw
FLASH            0x0000000008000000 0x0000000000100000 xr
*default*        0x0000000000000000 0xffffffffffffffff

Linker script and memory map

LOAD /opt/st/stm32cubeide_1.6.0/plugins/com.st.stm32cube.ide.mcu.externaltools.gnu-tools-for-stm32.9-2020-q2-update.linux64_1.5.0.202011040924/tools/bin/../lib/gcc/arm-none-eabi/9.3.1/thumb/v7e-m/nofp/crti.o
LOAD /opt/st/stm32cubeide_1.6.0/plugins/com.st.stm32cube.ide.mcu.externaltools.gnu-tools-for-stm32.9-2020-q2-update.linux64_1.5.0.202011040924/tools/bin/../lib/gcc/arm-none-eabi/9.3.1/thumb/v7e-m/nofp/crtbegin.o
LOAD /opt/st/stm32cubeide_1.6.0/plugins/com.st.stm32cube.ide.mcu.externaltools.gnu-tools-for-stm32.9-2020-q2-update.linux64_1.5.0.202011040924/tools/bin/../lib/gcc/arm-none-eabi/9.3.1/../../../../arm-none-eabi/lib/thumb/v7e-m/nofp/crt0.o
LOAD CMakeFiles/doggy2_lite.elf.dir/Core/Src/DebugPins.cpp.obj
LOAD CMakeFiles/doggy2_lite.elf.dir/Core/Src/Doggy2Controller.cpp.obj
LOAD CMakeFiles/doggy2_lite.elf.dir/Core/Src/Doggy2Motor.cpp.obj
LOAD CMakeFiles/doggy2_lite.elf.dir/Core/Src/LED.cpp.obj
LOAD CMakeFiles/doggy2_lite.elf.dir/Core/Src/PowerCtrl.cpp.obj
LOAD CMakeFiles/doggy2_lite.elf.dir/Core/Src/SysTickTimer.cpp.obj
LOAD CMakeFiles/doggy2_lite.elf.dir/Core/Src/USBComm.cpp.obj
LOAD CMakeFiles/doggy2_lite.elf.dir/Core/Src/hw_config.cpp.obj
LOAD CMakeFiles/doggy2_lite.elf.dir/Core/Src/main.cpp.obj
LOAD CMakeFiles/doggy2_lite.elf.dir/Core/Src/stm32f4xx_hal_msp.c.obj
LOAD CMakeFiles/doggy2_lite.elf.dir/Core/Src/stm32f4xx_it.c.obj
LOAD CMakeFiles/doggy2_lite.elf.dir/Core/Src/syscalls.c.obj
LOAD CMakeFiles/doggy2_lite.elf.dir/Core/Src/sysmem.c.obj
LOAD CMakeFiles/doggy2_lite.elf.dir/Core/Src/system_stm32f4xx.c.obj
LOAD CMakeFiles/doggy2_lite.elf.dir/Core/Startup/startup_stm32f407igtx.s.obj
LOAD CMakeFiles/doggy2_lite.elf.dir/Drivers/STM32F4xx_HAL_Driver/Src/stm32f4xx_hal.c.obj
LOAD CMakeFiles/doggy2_lite.elf.dir/Drivers/STM32F4xx_HAL_Driver/Src/stm32f4xx_hal_cortex.c.obj
LOAD CMakeFiles/doggy2_lite.elf.dir/Drivers/STM32F4xx_HAL_Driver/Src/stm32f4xx_hal_dma.c.obj
LOAD CMakeFiles/doggy2_lite.elf.dir/Drivers/STM32F4xx_HAL_Driver/Src/stm32f4xx_hal_dma_ex.c.obj
LOAD CMakeFiles/doggy2_lite.elf.dir/Drivers/STM32F4xx_HAL_Driver/Src/stm32f4xx_hal_exti.c.obj
LOAD CMakeFiles/doggy2_lite.elf.dir/Drivers/STM32F4xx_HAL_Driver/Src/stm32f4xx_hal_flash.c.obj
LOAD CMakeFiles/doggy2_lite.elf.dir/Drivers/STM32F4xx_HAL_Driver/Src/stm32f4xx_hal_flash_ex.c.obj
LOAD CMakeFiles/doggy2_lite.elf.dir/Drivers/STM32F4xx_HAL_Driver/Src/stm32f4xx_hal_flash_ramfunc.c.obj
LOAD CMakeFiles/doggy2_lite.elf.dir/Drivers/STM32F4xx_HAL_Driver/Src/stm32f4xx_hal_gpio.c.obj
LOAD CMakeFiles/doggy2_lite.elf.dir/Drivers/STM32F4xx_HAL_Driver/Src/stm32f4xx_hal_pwr.c.obj
LOAD CMakeFiles/doggy2_lite.elf.dir/Drivers/STM32F4xx_HAL_Driver/Src/stm32f4xx_hal_pwr_ex.c.obj
LOAD CMakeFiles/doggy2_lite.elf.dir/Drivers/STM32F4xx_HAL_Driver/Src/stm32f4xx_hal_rcc.c.obj
LOAD CMakeFiles/doggy2_lite.elf.dir/Drivers/STM32F4xx_HAL_Driver/Src/stm32f4xx_hal_rcc_ex.c.obj
LOAD CMakeFiles/doggy2_lite.elf.dir/Drivers/STM32F4xx_HAL_Driver/Src/stm32f4xx_hal_tim.c.obj
LOAD CMakeFiles/doggy2_lite.elf.dir/Drivers/STM32F4xx_HAL_Driver/Src/stm32f4xx_hal_tim_ex.c.obj
LOAD CMakeFiles/doggy2_lite.elf.dir/Drivers/STM32F4xx_HAL_Driver/Src/stm32f4xx_hal_uart.c.obj
LOAD /opt/st/stm32cubeide_1.6.0/plugins/com.st.stm32cube.ide.mcu.externaltools.gnu-tools-for-stm32.9-2020-q2-update.linux64_1.5.0.202011040924/tools/bin/../lib/gcc/arm-none-eabi/9.3.1/../../../../arm-none-eabi/lib/thumb/v7e-m/nofp/libstdc++.a
LOAD /opt/st/stm32cubeide_1.6.0/plugins/com.st.stm32cube.ide.mcu.externaltools.gnu-tools-for-stm32.9-2020-q2-update.linux64_1.5.0.202011040924/tools/bin/../lib/gcc/arm-none-eabi/9.3.1/../../../../arm-none-eabi/lib/thumb/v7e-m/nofp/libm.a
START GROUP
LOAD /opt/st/stm32cubeide_1.6.0/plugins/com.st.stm32cube.ide.mcu.externaltools.gnu-tools-for-stm32.9-2020-q2-update.linux64_1.5.0.202011040924/tools/bin/../lib/gcc/arm-none-eabi/9.3.1/thumb/v7e-m/nofp/libgcc.a
LOAD /opt/st/stm32cubeide_1.6.0/plugins/com.st.stm32cube.ide.mcu.externaltools.gnu-tools-for-stm32.9-2020-q2-update.linux64_1.5.0.202011040924/tools/bin/../lib/gcc/arm-none-eabi/9.3.1/../../../../arm-none-eabi/lib/thumb/v7e-m/nofp/libg.a
LOAD /opt/st/stm32cubeide_1.6.0/plugins/com.st.stm32cube.ide.mcu.externaltools.gnu-tools-for-stm32.9-2020-q2-update.linux64_1.5.0.202011040924/tools/bin/../lib/gcc/arm-none-eabi/9.3.1/../../../../arm-none-eabi/lib/thumb/v7e-m/nofp/libc.a
END GROUP
LOAD /opt/st/stm32cubeide_1.6.0/plugins/com.st.stm32cube.ide.mcu.externaltools.gnu-tools-for-stm32.9-2020-q2-update.linux64_1.5.0.202011040924/tools/bin/../lib/gcc/arm-none-eabi/9.3.1/thumb/v7e-m/nofp/crtend.o
LOAD /opt/st/stm32cubeide_1.6.0/plugins/com.st.stm32cube.ide.mcu.externaltools.gnu-tools-for-stm32.9-2020-q2-update.linux64_1.5.0.202011040924/tools/bin/../lib/gcc/arm-none-eabi/9.3.1/thumb/v7e-m/nofp/crtn.o
                0x0000000020020000                _estack = (ORIGIN (RAM) + LENGTH (RAM))
                0x0000000000000200                _Min_Heap_Size = 0x200
                0x0000000000000400                _Min_Stack_Size = 0x400

.isr_vector     0x0000000008000000      0x188
                0x0000000008000000                . = ALIGN (0x4)
 *(.isr_vector)
 .isr_vector    0x0000000008000000      0x188 CMakeFiles/doggy2_lite.elf.dir/Core/Startup/startup_stm32f407igtx.s.obj
                0x0000000008000000                g_pfnVectors
                0x0000000008000188                . = ALIGN (0x4)

.text           0x0000000008000190    0x16034
                0x0000000008000190                . = ALIGN (0x4)
 *(.text)
 .text          0x0000000008000190       0x40 /opt/st/stm32cubeide_1.6.0/plugins/com.st.stm32cube.ide.mcu.externaltools.gnu-tools-for-stm32.9-2020-q2-update.linux64_1.5.0.202011040924/tools/bin/../lib/gcc/arm-none-eabi/9.3.1/thumb/v7e-m/nofp/crtbegin.o
 .text          0x00000000080001d0     0x6d2c /opt/st/stm32cubeide_1.6.0/plugins/com.st.stm32cube.ide.mcu.externaltools.gnu-tools-for-stm32.9-2020-q2-update.linux64_1.5.0.202011040924/tools/bin/../lib/gcc/arm-none-eabi/9.3.1/../../../../arm-none-eabi/lib/thumb/v7e-m/nofp/libstdc++.a(cp-demangle.o)
                0x0000000008006e14                __cxa_demangle
                0x0000000008006ed8                __gcclibcxx_demangle_callback
 .text          0x0000000008006efc      0x378 /opt/st/stm32cubeide_1.6.0/plugins/com.st.stm32cube.ide.mcu.externaltools.gnu-tools-for-stm32.9-2020-q2-update.linux64_1.5.0.202011040924/tools/bin/../lib/gcc/arm-none-eabi/9.3.1/thumb/v7e-m/nofp/libgcc.a(_arm_addsubdf3.o)
                0x0000000008006efc                __aeabi_drsub
                0x0000000008006f04                __aeabi_dsub
                0x0000000008006f04                __subdf3
                0x0000000008006f08                __adddf3
                0x0000000008006f08                __aeabi_dadd
                0x0000000008007180                __aeabi_ui2d
                0x0000000008007180                __floatunsidf
                0x00000000080071a0                __floatsidf
                0x00000000080071a0                __aeabi_i2d
                0x00000000080071c4                __extendsfdf2
                0x00000000080071c4                __aeabi_f2d
                0x0000000008007208                __aeabi_ul2d
                0x0000000008007208                __floatundidf
                0x0000000008007218                __floatdidf
                0x0000000008007218                __aeabi_l2d
 .text          0x0000000008007274      0x424 /opt/st/stm32cubeide_1.6.0/plugins/com.st.stm32cube.ide.mcu.externaltools.gnu-tools-for-stm32.9-2020-q2-update.linux64_1.5.0.202011040924/tools/bin/../lib/gcc/arm-none-eabi/9.3.1/thumb/v7e-m/nofp/libgcc.a(_arm_muldivdf3.o)
                0x0000000008007274                __aeabi_dmul
                0x0000000008007274                __muldf3
                0x00000000080074c8                __aeabi_ddiv
                0x00000000080074c8                __divdf3
 .text          0x0000000008007698      0x110 /opt/st/stm32cubeide_1.6.0/plugins/com.st.stm32cube.ide.mcu.externaltools.gnu-tools-for-stm32.9-2020-q2-update.linux64_1.5.0.202011040924/tools/bin/../lib/gcc/arm-none-eabi/9.3.1/thumb/v7e-m/nofp/libgcc.a(_arm_cmpdf2.o)
                0x0000000008007698                __gtdf2
                0x0000000008007698                __gedf2
                0x00000000080076a0                __ltdf2
                0x00000000080076a0                __ledf2
                0x00000000080076a8                __cmpdf2
                0x00000000080076a8                __eqdf2
                0x00000000080076a8                __nedf2
                0x0000000008007724                __aeabi_cdrcmple
                0x0000000008007734                __aeabi_cdcmple
                0x0000000008007734                __aeabi_cdcmpeq
                0x0000000008007744                __aeabi_dcmpeq
                0x0000000008007758                __aeabi_dcmplt
                0x000000000800776c                __aeabi_dcmple
                0x0000000008007780                __aeabi_dcmpge
                0x0000000008007794                __aeabi_dcmpgt
 .text          0x00000000080077a8       0x50 /opt/st/stm32cubeide_1.6.0/plugins/com.st.stm32cube.ide.mcu.externaltools.gnu-tools-for-stm32.9-2020-q2-update.linux64_1.5.0.202011040924/tools/bin/../lib/gcc/arm-none-eabi/9.3.1/thumb/v7e-m/nofp/libgcc.a(_arm_fixdfsi.o)
                0x00000000080077a8                __fixdfsi
                0x00000000080077a8                __aeabi_d2iz
 .text          0x00000000080077f8       0xa0 /opt/st/stm32cubeide_1.6.0/plugins/com.st.stm32cube.ide.mcu.externaltools.gnu-tools-for-stm32.9-2020-q2-update.linux64_1.5.0.202011040924/tools/bin/../lib/gcc/arm-none-eabi/9.3.1/thumb/v7e-m/nofp/libgcc.a(_arm_truncdfsf2.o)
                0x00000000080077f8                __aeabi_d2f
                0x00000000080077f8                __truncdfsf2
 .text          0x0000000008007898      0x21c /opt/st/stm32cubeide_1.6.0/plugins/com.st.stm32cube.ide.mcu.externaltools.gnu-tools-for-stm32.9-2020-q2-update.linux64_1.5.0.202011040924/tools/bin/../lib/gcc/arm-none-eabi/9.3.1/thumb/v7e-m/nofp/libgcc.a(_arm_addsubsf3.o)
                0x0000000008007898                __aeabi_frsub
                0x00000000080078a0                __subsf3
                0x00000000080078a0                __aeabi_fsub
                0x00000000080078a4                __aeabi_fadd
                0x00000000080078a4                __addsf3
                0x0000000008007a04                __aeabi_ui2f
                0x0000000008007a04                __floatunsisf
                0x0000000008007a0c                __aeabi_i2f
                0x0000000008007a0c                __floatsisf
                0x0000000008007a28                __floatundisf
                0x0000000008007a28                __aeabi_ul2f
                0x0000000008007a38                __floatdisf
                0x0000000008007a38                __aeabi_l2f
 .text          0x0000000008007ab4      0x2a0 /opt/st/stm32cubeide_1.6.0/plugins/com.st.stm32cube.ide.mcu.externaltools.gnu-tools-for-stm32.9-2020-q2-update.linux64_1.5.0.202011040924/tools/bin/../lib/gcc/arm-none-eabi/9.3.1/thumb/v7e-m/nofp/libgcc.a(_arm_muldivsf3.o)
                0x0000000008007ab4                __mulsf3
                0x0000000008007ab4                __aeabi_fmul
                0x0000000008007c1c                __divsf3
                0x0000000008007c1c                __aeabi_fdiv
 .text          0x0000000008007d54       0xec /opt/st/stm32cubeide_1.6.0/plugins/com.st.stm32cube.ide.mcu.externaltools.gnu-tools-for-stm32.9-2020-q2-update.linux64_1.5.0.202011040924/tools/bin/../lib/gcc/arm-none-eabi/9.3.1/thumb/v7e-m/nofp/libgcc.a(_arm_cmpsf2.o)
                0x0000000008007d54                __gtsf2
                0x0000000008007d54                __gesf2
                0x0000000008007d5c                __lesf2
                0x0000000008007d5c                __ltsf2
                0x0000000008007d64                __nesf2
                0x0000000008007d64                __eqsf2
                0x0000000008007d64                __cmpsf2
                0x0000000008007dc4                __aeabi_cfrcmple
                0x0000000008007dcc                __aeabi_cfcmple
                0x0000000008007dcc                __aeabi_cfcmpeq
                0x0000000008007ddc                __aeabi_fcmpeq
                0x0000000008007df0                __aeabi_fcmplt
                0x0000000008007e04                __aeabi_fcmple
                0x0000000008007e18                __aeabi_fcmpge
                0x0000000008007e2c                __aeabi_fcmpgt
 .text          0x0000000008007e40       0x4c /opt/st/stm32cubeide_1.6.0/plugins/com.st.stm32cube.ide.mcu.externaltools.gnu-tools-for-stm32.9-2020-q2-update.linux64_1.5.0.202011040924/tools/bin/../lib/gcc/arm-none-eabi/9.3.1/thumb/v7e-m/nofp/libgcc.a(_arm_fixsfsi.o)
                0x0000000008007e40                __fixsfsi
                0x0000000008007e40                __aeabi_f2iz
 .text          0x0000000008007e8c       0x30 /opt/st/stm32cubeide_1.6.0/plugins/com.st.stm32cube.ide.mcu.externaltools.gnu-tools-for-stm32.9-2020-q2-update.linux64_1.5.0.202011040924/tools/bin/../lib/gcc/arm-none-eabi/9.3.1/thumb/v7e-m/nofp/libgcc.a(_aeabi_uldivmod.o)
                0x0000000008007e8c                __aeabi_uldivmod
 .text          0x0000000008007ebc      0x2c0 /opt/st/stm32cubeide_1.6.0/plugins/com.st.stm32cube.ide.mcu.externaltools.gnu-tools-for-stm32.9-2020-q2-update.linux64_1.5.0.202011040924/tools/bin/../lib/gcc/arm-none-eabi/9.3.1/thumb/v7e-m/nofp/libgcc.a(_udivmoddi4.o)
                0x0000000008007ebc                __udivmoddi4
 .text          0x000000000800817c      0x9b8 /opt/st/stm32cubeide_1.6.0/plugins/com.st.stm32cube.ide.mcu.externaltools.gnu-tools-for-stm32.9-2020-q2-update.linux64_1.5.0.202011040924/tools/bin/../lib/gcc/arm-none-eabi/9.3.1/thumb/v7e-m/nofp/libgcc.a(unwind-arm.o)
                0x0000000008008424                _Unwind_GetCFA
                0x0000000008008428                __gnu_Unwind_RaiseException
                0x0000000008008488                __gnu_Unwind_ForcedUnwind
                0x000000000800849c                __gnu_Unwind_Resume
                0x00000000080084e0                __gnu_Unwind_Resume_or_Rethrow
                0x00000000080084f0                _Unwind_Complete
                0x00000000080084f4                _Unwind_DeleteException
                0x0000000008008500                _Unwind_VRS_Get
                0x0000000008008548                _Unwind_VRS_Set
                0x0000000008008590                __gnu_Unwind_Backtrace
                0x00000000080088b0                __aeabi_unwind_cpp_pr0
                0x00000000080088b4                __aeabi_unwind_cpp_pr1
                0x00000000080088b8                __aeabi_unwind_cpp_pr2
                0x00000000080088bc                _Unwind_VRS_Pop
 .text          0x0000000008008b34      0x1ac /opt/st/stm32cubeide_1.6.0/plugins/com.st.stm32cube.ide.mcu.externaltools.gnu-tools-for-stm32.9-2020-q2-update.linux64_1.5.0.202011040924/tools/bin/../lib/gcc/arm-none-eabi/9.3.1/thumb/v7e-m/nofp/libgcc.a(libunwind.o)
                0x0000000008008b34                __restore_core_regs
                0x0000000008008b34                restore_core_regs
                0x0000000008008b4c                __gnu_Unwind_Restore_VFP
                0x0000000008008b54                __gnu_Unwind_Save_VFP
                0x0000000008008b5c                __gnu_Unwind_Restore_VFP_D
                0x0000000008008b64                __gnu_Unwind_Save_VFP_D
                0x0000000008008b6c                __gnu_Unwind_Restore_VFP_D_16_to_31
                0x0000000008008b74                __gnu_Unwind_Save_VFP_D_16_to_31
                0x0000000008008b7c                __gnu_Unwind_Restore_WMMXD
                0x0000000008008bc0                __gnu_Unwind_Save_WMMXD
                0x0000000008008c04                __gnu_Unwind_Restore_WMMXC
                0x0000000008008c18                __gnu_Unwind_Save_WMMXC
                0x0000000008008c2c                ___Unwind_RaiseException
                0x0000000008008c2c                _Unwind_RaiseException
                0x0000000008008c50                ___Unwind_Resume
                0x0000000008008c50                _Unwind_Resume
                0x0000000008008c74                _Unwind_Resume_or_Rethrow
                0x0000000008008c74                ___Unwind_Resume_or_Rethrow
                0x0000000008008c98                ___Unwind_ForcedUnwind
                0x0000000008008c98                _Unwind_ForcedUnwind
                0x0000000008008cbc                _Unwind_Backtrace
                0x0000000008008cbc                ___Unwind_Backtrace
 .text          0x0000000008008ce0      0x340 /opt/st/stm32cubeide_1.6.0/plugins/com.st.stm32cube.ide.mcu.externaltools.gnu-tools-for-stm32.9-2020-q2-update.linux64_1.5.0.202011040924/tools/bin/../lib/gcc/arm-none-eabi/9.3.1/thumb/v7e-m/nofp/libgcc.a(pr-support.o)
                0x0000000008008d38                __gnu_unwind_execute
                0x0000000008008fd4                __gnu_unwind_frame
                0x0000000008009000                _Unwind_GetRegionStart
                0x000000000800900c                _Unwind_GetLanguageSpecificData
 .text          0x0000000008009020        0x4 /opt/st/stm32cubeide_1.6.0/plugins/com.st.stm32cube.ide.mcu.externaltools.gnu-tools-for-stm32.9-2020-q2-update.linux64_1.5.0.202011040924/tools/bin/../lib/gcc/arm-none-eabi/9.3.1/thumb/v7e-m/nofp/libgcc.a(_dvmd_tls.o)
                0x0000000008009020                __aeabi_ldiv0
                0x0000000008009020                __aeabi_idiv0
 *fill*         0x0000000008009024        0xc 
 .text          0x0000000008009030       0xa0 /opt/st/stm32cubeide_1.6.0/plugins/com.st.stm32cube.ide.mcu.externaltools.gnu-tools-for-stm32.9-2020-q2-update.linux64_1.5.0.202011040924/tools/bin/../lib/gcc/arm-none-eabi/9.3.1/../../../../arm-none-eabi/lib/thumb/v7e-m/nofp/libg.a(lib_a-memchr.o)
                0x0000000008009030                memchr
 .text          0x00000000080090d0       0x14 /opt/st/stm32cubeide_1.6.0/plugins/com.st.stm32cube.ide.mcu.externaltools.gnu-tools-for-stm32.9-2020-q2-update.linux64_1.5.0.202011040924/tools/bin/../lib/gcc/arm-none-eabi/9.3.1/../../../../arm-none-eabi/lib/thumb/v7e-m/nofp/libg.a(lib_a-strcmp.o)
                0x00000000080090d0                strcmp
 .text          0x00000000080090e4       0x10 /opt/st/stm32cubeide_1.6.0/plugins/com.st.stm32cube.ide.mcu.externaltools.gnu-tools-for-stm32.9-2020-q2-update.linux64_1.5.0.202011040924/tools/bin/../lib/gcc/arm-none-eabi/9.3.1/../../../../arm-none-eabi/lib/thumb/v7e-m/nofp/libg.a(lib_a-strlen.o)
                0x00000000080090e4                strlen
 .text          0x00000000080090f4       0x2c /opt/st/stm32cubeide_1.6.0/plugins/com.st.stm32cube.ide.mcu.externaltools.gnu-tools-for-stm32.9-2020-q2-update.linux64_1.5.0.202011040924/tools/bin/../lib/gcc/arm-none-eabi/9.3.1/thumb/v7e-m/nofp/libgcc.a(_arm_unorddf2.o)
                0x00000000080090f4                __aeabi_dcmpun
                0x00000000080090f4                __unorddf2
 *(.text*)
 .text._ZN9DebugPinsC2Ev
                0x0000000008009120       0x14 CMakeFiles/doggy2_lite.elf.dir/Core/Src/DebugPins.cpp.obj
                0x0000000008009120                DebugPins::DebugPins()
                0x0000000008009120                DebugPins::DebugPins()
 .text._ZN9DebugPinsD2Ev
                0x0000000008009134       0x14 CMakeFiles/doggy2_lite.elf.dir/Core/Src/DebugPins.cpp.obj
                0x0000000008009134                DebugPins::~DebugPins()
                0x0000000008009134                DebugPins::~DebugPins()
 .text._Z41__static_initialization_and_destruction_0ii
                0x0000000008009148       0x40 CMakeFiles/doggy2_lite.elf.dir/Core/Src/DebugPins.cpp.obj
 .text._GLOBAL__sub_I__ZN9DebugPinsC2Ev
                0x0000000008009188       0x10 CMakeFiles/doggy2_lite.elf.dir/Core/Src/DebugPins.cpp.obj
 .text._ZN9HW_Config7getTim1Ev
                0x0000000008009198       0x16 CMakeFiles/doggy2_lite.elf.dir/Core/Src/Doggy2Controller.cpp.obj
                0x0000000008009198                HW_Config::getTim1()
 .text._ZN9HW_Config7getTim3Ev
                0x00000000080091ae       0x16 CMakeFiles/doggy2_lite.elf.dir/Core/Src/Doggy2Controller.cpp.obj
                0x00000000080091ae                HW_Config::getTim3()
 .text._ZN9HW_Config7getTim4Ev
                0x00000000080091c4       0x16 CMakeFiles/doggy2_lite.elf.dir/Core/Src/Doggy2Controller.cpp.obj
                0x00000000080091c4                HW_Config::getTim4()
 .text._ZN9HW_Config7getTim5Ev
                0x00000000080091da       0x18 CMakeFiles/doggy2_lite.elf.dir/Core/Src/Doggy2Controller.cpp.obj
                0x00000000080091da                HW_Config::getTim5()
 .text._ZN9HW_Config8getTim12Ev
                0x00000000080091f2       0x18 CMakeFiles/doggy2_lite.elf.dir/Core/Src/Doggy2Controller.cpp.obj
                0x00000000080091f2                HW_Config::getTim12()
 *fill*         0x000000000800920a        0x2 
 .text._ZN11Doggy2Motor11setMotorPWMEs
                0x000000000800920c      0x170 CMakeFiles/doggy2_lite.elf.dir/Core/Src/Doggy2Controller.cpp.obj
                0x000000000800920c                Doggy2Motor::setMotorPWM(short)
 .text._ZN16Doggy2ControllerC2Ev
                0x000000000800937c       0xe4 CMakeFiles/doggy2_lite.elf.dir/Core/Src/Doggy2Controller.cpp.obj
                0x000000000800937c                Doggy2Controller::Doggy2Controller()
                0x000000000800937c                Doggy2Controller::Doggy2Controller()
 .text._ZN16Doggy2Controller9setIOPinsEv
                0x0000000008009460       0xe0 CMakeFiles/doggy2_lite.elf.dir/Core/Src/Doggy2Controller.cpp.obj
                0x0000000008009460                Doggy2Controller::setIOPins()
 .text._ZN16Doggy2ControllerD2Ev
                0x0000000008009540       0x2c CMakeFiles/doggy2_lite.elf.dir/Core/Src/Doggy2Controller.cpp.obj
                0x0000000008009540                Doggy2Controller::~Doggy2Controller()
                0x0000000008009540                Doggy2Controller::~Doggy2Controller()
 .text._ZN16Doggy2ControllerD0Ev
                0x000000000800956c       0x1e CMakeFiles/doggy2_lite.elf.dir/Core/Src/Doggy2Controller.cpp.obj
                0x000000000800956c                Doggy2Controller::~Doggy2Controller()
 *fill*         0x000000000800958a        0x2 
 .text._Z41__static_initialization_and_destruction_0ii
                0x000000000800958c       0x40 CMakeFiles/doggy2_lite.elf.dir/Core/Src/Doggy2Controller.cpp.obj
 .text._GLOBAL__sub_I__ZN7MotorNs12doggy2motorsE
                0x00000000080095cc       0x10 CMakeFiles/doggy2_lite.elf.dir/Core/Src/Doggy2Controller.cpp.obj
 .text._ZN11Doggy2MotorC2EhbPf
                0x00000000080095dc       0xc8 CMakeFiles/doggy2_lite.elf.dir/Core/Src/Doggy2Motor.cpp.obj
                0x00000000080095dc                Doggy2Motor::Doggy2Motor(unsigned char, bool, float*)
                0x00000000080095dc                Doggy2Motor::Doggy2Motor(unsigned char, bool, float*)
 .text._ZN11Doggy2MotorD2Ev
                0x00000000080096a4       0x20 CMakeFiles/doggy2_lite.elf.dir/Core/Src/Doggy2Motor.cpp.obj
                0x00000000080096a4                Doggy2Motor::~Doggy2Motor()
                0x00000000080096a4                Doggy2Motor::~Doggy2Motor()
 .text._ZN11Doggy2MotorD0Ev
                0x00000000080096c4       0x1e CMakeFiles/doggy2_lite.elf.dir/Core/Src/Doggy2Motor.cpp.obj
                0x00000000080096c4                Doggy2Motor::~Doggy2Motor()
 *fill*         0x00000000080096e2        0x2 
 .text._ZN3LEDC2Ev
                0x00000000080096e4       0x20 CMakeFiles/doggy2_lite.elf.dir/Core/Src/LED.cpp.obj
                0x00000000080096e4                LED::LED()
                0x00000000080096e4                LED::LED()
 .text._ZN3LEDD2Ev
                0x0000000008009704       0x20 CMakeFiles/doggy2_lite.elf.dir/Core/Src/LED.cpp.obj
                0x0000000008009704                LED::~LED()
                0x0000000008009704                LED::~LED()
 .text._ZN3LEDD0Ev
                0x0000000008009724       0x1e CMakeFiles/doggy2_lite.elf.dir/Core/Src/LED.cpp.obj
                0x0000000008009724                LED::~LED()
 *fill*         0x0000000008009742        0x2 
 .text._ZN3LED6led_onEt
                0x0000000008009744       0x24 CMakeFiles/doggy2_lite.elf.dir/Core/Src/LED.cpp.obj
                0x0000000008009744                LED::led_on(unsigned short)
 .text._ZN3LED7led_offEt
                0x0000000008009768       0x24 CMakeFiles/doggy2_lite.elf.dir/Core/Src/LED.cpp.obj
                0x0000000008009768                LED::led_off(unsigned short)
 .text._Z41__static_initialization_and_destruction_0ii
                0x000000000800978c       0x40 CMakeFiles/doggy2_lite.elf.dir/Core/Src/LED.cpp.obj
 .text._GLOBAL__sub_I__ZN3LEDC2Ev
                0x00000000080097cc       0x10 CMakeFiles/doggy2_lite.elf.dir/Core/Src/LED.cpp.obj
 .text._ZStanSt12memory_orderSt23__memory_order_modifier
                0x00000000080097dc       0x24 CMakeFiles/doggy2_lite.elf.dir/Core/Src/PowerCtrl.cpp.obj
                0x00000000080097dc                std::operator&(std::memory_order, std::__memory_order_modifier)
 .text._ZN12SysTickTimer7getTimeEv
                0x0000000008009800       0x38 CMakeFiles/doggy2_lite.elf.dir/Core/Src/PowerCtrl.cpp.obj
                0x0000000008009800                SysTickTimer::getTime()
 .text._ZN9PowerCtrlC2Ev
                0x0000000008009838       0x20 CMakeFiles/doggy2_lite.elf.dir/Core/Src/PowerCtrl.cpp.obj
                0x0000000008009838                PowerCtrl::PowerCtrl()
                0x0000000008009838                PowerCtrl::PowerCtrl()
 .text._ZN9PowerCtrlD2Ev
                0x0000000008009858       0x20 CMakeFiles/doggy2_lite.elf.dir/Core/Src/PowerCtrl.cpp.obj
                0x0000000008009858                PowerCtrl::~PowerCtrl()
                0x0000000008009858                PowerCtrl::~PowerCtrl()
 .text._ZN9PowerCtrlD0Ev
                0x0000000008009878       0x1e CMakeFiles/doggy2_lite.elf.dir/Core/Src/PowerCtrl.cpp.obj
                0x0000000008009878                PowerCtrl::~PowerCtrl()
 *fill*         0x0000000008009896        0x2 
 .text._ZN9PowerCtrl11setVCCPowerEb
                0x0000000008009898       0x6c CMakeFiles/doggy2_lite.elf.dir/Core/Src/PowerCtrl.cpp.obj
                0x0000000008009898                PowerCtrl::setVCCPower(bool)
 .text._ZN9PowerCtrl9getEN_VCCEv
                0x0000000008009904       0x28 CMakeFiles/doggy2_lite.elf.dir/Core/Src/PowerCtrl.cpp.obj
                0x0000000008009904                PowerCtrl::getEN_VCC()
 .text._Z41__static_initialization_and_destruction_0ii
                0x000000000800992c       0x40 CMakeFiles/doggy2_lite.elf.dir/Core/Src/PowerCtrl.cpp.obj
 .text._GLOBAL__sub_I__ZN9PowerCtrlC2Ev
                0x000000000800996c       0x10 CMakeFiles/doggy2_lite.elf.dir/Core/Src/PowerCtrl.cpp.obj
 .text._ZNVKSt6atomicIbEcvbEv
                0x000000000800997c       0x40 CMakeFiles/doggy2_lite.elf.dir/Core/Src/SysTickTimer.cpp.obj
                0x000000000800997c                std::atomic<bool>::operator bool() const volatile
 .text._ZNVSt6atomicIbE5storeEbSt12memory_order
                0x00000000080099bc       0x44 CMakeFiles/doggy2_lite.elf.dir/Core/Src/SysTickTimer.cpp.obj
                0x00000000080099bc                std::atomic<bool>::store(bool, std::memory_order) volatile
 .text._ZN12SysTickTimer4tickEv
                0x0000000008009a00       0x88 CMakeFiles/doggy2_lite.elf.dir/Core/Src/SysTickTimer.cpp.obj
                0x0000000008009a00                SysTickTimer::tick()
 .text._ZN12SysTickTimerC2Ev
                0x0000000008009a88       0x20 CMakeFiles/doggy2_lite.elf.dir/Core/Src/SysTickTimer.cpp.obj
                0x0000000008009a88                SysTickTimer::SysTickTimer()
                0x0000000008009a88                SysTickTimer::SysTickTimer()
 .text._ZN12SysTickTimerD2Ev
                0x0000000008009aa8       0x20 CMakeFiles/doggy2_lite.elf.dir/Core/Src/SysTickTimer.cpp.obj
                0x0000000008009aa8                SysTickTimer::~SysTickTimer()
                0x0000000008009aa8                SysTickTimer::~SysTickTimer()
 .text._ZN12SysTickTimerD0Ev
                0x0000000008009ac8       0x1e CMakeFiles/doggy2_lite.elf.dir/Core/Src/SysTickTimer.cpp.obj
                0x0000000008009ac8                SysTickTimer::~SysTickTimer()
 *fill*         0x0000000008009ae6        0x2 
 .text.HAL_InitTick
                0x0000000008009ae8       0x60 CMakeFiles/doggy2_lite.elf.dir/Core/Src/SysTickTimer.cpp.obj
                0x0000000008009ae8                HAL_InitTick
 .text.SysTick_Handler
                0x0000000008009b48       0x10 CMakeFiles/doggy2_lite.elf.dir/Core/Src/SysTickTimer.cpp.obj
                0x0000000008009b48                SysTick_Handler
 .text._Z41__static_initialization_and_destruction_0ii
                0x0000000008009b58       0x40 CMakeFiles/doggy2_lite.elf.dir/Core/Src/SysTickTimer.cpp.obj
 .text._GLOBAL__sub_I__ZN6Timers7Systick3timE
                0x0000000008009b98       0x10 CMakeFiles/doggy2_lite.elf.dir/Core/Src/SysTickTimer.cpp.obj
 .text._ZN9HW_Config8getUart3Ev
                0x0000000008009ba8       0x18 CMakeFiles/doggy2_lite.elf.dir/Core/Src/USBComm.cpp.obj
                0x0000000008009ba8                HW_Config::getUart3()
 .text._ZN7USBComm5setRxEv
                0x0000000008009bc0       0x18 CMakeFiles/doggy2_lite.elf.dir/Core/Src/USBComm.cpp.obj
                0x0000000008009bc0                USBComm::setRx()
 .text._ZN7USBComm18enableTransmissionEv
                0x0000000008009bd8       0x24 CMakeFiles/doggy2_lite.elf.dir/Core/Src/USBComm.cpp.obj
                0x0000000008009bd8                USBComm::enableTransmission()
 .text._ZN11Doggy2Motor9setAimPosEf
                0x0000000008009bfc       0x5c CMakeFiles/doggy2_lite.elf.dir/Core/Src/USBComm.cpp.obj
                0x0000000008009bfc                Doggy2Motor::setAimPos(float)
 .text._ZN11Doggy2Motor10setInertiaEf
                0x0000000008009c58       0x1a CMakeFiles/doggy2_lite.elf.dir/Core/Src/USBComm.cpp.obj
                0x0000000008009c58                Doggy2Motor::setInertia(float)
 .text._ZN11Doggy2Motor18setVelocityPreCtrlEf
                0x0000000008009c72       0x1a CMakeFiles/doggy2_lite.elf.dir/Core/Src/USBComm.cpp.obj
                0x0000000008009c72                Doggy2Motor::setVelocityPreCtrl(float)
 .text._ZN16Doggy2Controller9setAngPosEfff
                0x0000000008009c8c       0x44 CMakeFiles/doggy2_lite.elf.dir/Core/Src/USBComm.cpp.obj
                0x0000000008009c8c                Doggy2Controller::setAngPos(float, float, float)
 .text._ZN16Doggy2Controller9setAngVelEfff
                0x0000000008009cd0       0x44 CMakeFiles/doggy2_lite.elf.dir/Core/Src/USBComm.cpp.obj
                0x0000000008009cd0                Doggy2Controller::setAngVel(float, float, float)
 .text._ZN16Doggy2Controller10setInertiaEfff
                0x0000000008009d14       0x44 CMakeFiles/doggy2_lite.elf.dir/Core/Src/USBComm.cpp.obj
                0x0000000008009d14                Doggy2Controller::setInertia(float, float, float)
 .text._ZN16Doggy2Controller15triggerResponseEv
                0x0000000008009d58       0x2a CMakeFiles/doggy2_lite.elf.dir/Core/Src/USBComm.cpp.obj
                0x0000000008009d58                Doggy2Controller::triggerResponse()
 *fill*         0x0000000008009d82        0x2 
 .text._ZN7USBCommC2Ev
                0x0000000008009d84       0x2c CMakeFiles/doggy2_lite.elf.dir/Core/Src/USBComm.cpp.obj
                0x0000000008009d84                USBComm::USBComm()
                0x0000000008009d84                USBComm::USBComm()
 .text._ZN7USBCommD2Ev
                0x0000000008009db0       0x20 CMakeFiles/doggy2_lite.elf.dir/Core/Src/USBComm.cpp.obj
                0x0000000008009db0                USBComm::~USBComm()
                0x0000000008009db0                USBComm::~USBComm()
 .text._ZN7USBCommD0Ev
                0x0000000008009dd0       0x1e CMakeFiles/doggy2_lite.elf.dir/Core/Src/USBComm.cpp.obj
                0x0000000008009dd0                USBComm::~USBComm()
 *fill*         0x0000000008009dee        0x2 
 .text._ZN7USBComm6updateEv
                0x0000000008009df0       0x4c CMakeFiles/doggy2_lite.elf.dir/Core/Src/USBComm.cpp.obj
                0x0000000008009df0                USBComm::update()
 .text._ZN7USBComm9triggerTxEv
                0x0000000008009e3c       0x40 CMakeFiles/doggy2_lite.elf.dir/Core/Src/USBComm.cpp.obj
                0x0000000008009e3c                USBComm::triggerTx()
 .text._ZN7USBComm15sendInitializedEv
                0x0000000008009e7c       0x3e CMakeFiles/doggy2_lite.elf.dir/Core/Src/USBComm.cpp.obj
                0x0000000008009e7c                USBComm::sendInitialized()
 .text._ZN7USBComm12sendResponseEhPfS0_Pl
                0x0000000008009eba       0xd0 CMakeFiles/doggy2_lite.elf.dir/Core/Src/USBComm.cpp.obj
                0x0000000008009eba                USBComm::sendResponse(unsigned char, float*, float*, long*)
 *fill*         0x0000000008009f8a        0x2 
 .text._ZN7USBComm7dataAddEh
                0x0000000008009f8c       0x44 CMakeFiles/doggy2_lite.elf.dir/Core/Src/USBComm.cpp.obj
                0x0000000008009f8c                USBComm::dataAdd(unsigned char)
 .text._ZN7USBComm7dataAddEf
                0x0000000008009fd0       0x98 CMakeFiles/doggy2_lite.elf.dir/Core/Src/USBComm.cpp.obj
                0x0000000008009fd0                USBComm::dataAdd(float)
 .text._ZN7USBComm7dataAddEl
                0x000000000800a068       0x98 CMakeFiles/doggy2_lite.elf.dir/Core/Src/USBComm.cpp.obj
                0x000000000800a068                USBComm::dataAdd(long)
 .text._ZN7USBComm11receiveDataEv
                0x000000000800a100       0x2c CMakeFiles/doggy2_lite.elf.dir/Core/Src/USBComm.cpp.obj
                0x000000000800a100                USBComm::receiveData()
 .text._ZN7USBComm12checkMessageEv
                0x000000000800a12c       0xe0 CMakeFiles/doggy2_lite.elf.dir/Core/Src/USBComm.cpp.obj
                0x000000000800a12c                USBComm::checkMessage()
 .text._ZN7USBComm7initUsbEv
                0x000000000800a20c       0x12 CMakeFiles/doggy2_lite.elf.dir/Core/Src/USBComm.cpp.obj
                0x000000000800a20c                USBComm::initUsb()
 *fill*         0x000000000800a21e        0x2 
 .text.HAL_UART_TxCpltCallback
                0x000000000800a220       0x1c CMakeFiles/doggy2_lite.elf.dir/Core/Src/USBComm.cpp.obj
                0x000000000800a220                HAL_UART_TxCpltCallback
 .text.HAL_UART_RxCpltCallback
                0x000000000800a23c       0x30 CMakeFiles/doggy2_lite.elf.dir/Core/Src/USBComm.cpp.obj
                0x000000000800a23c                HAL_UART_RxCpltCallback
 .text.HAL_UART_ErrorCallback
                0x000000000800a26c       0x12 CMakeFiles/doggy2_lite.elf.dir/Core/Src/USBComm.cpp.obj
                0x000000000800a26c                HAL_UART_ErrorCallback
 *fill*         0x000000000800a27e        0x2 
 .text.USART3_IRQHandler
                0x000000000800a280       0x1c CMakeFiles/doggy2_lite.elf.dir/Core/Src/USBComm.cpp.obj
                0x000000000800a280                USART3_IRQHandler
 .text._Z41__static_initialization_and_destruction_0ii
                0x000000000800a29c       0x40 CMakeFiles/doggy2_lite.elf.dir/Core/Src/USBComm.cpp.obj
 .text._GLOBAL__sub_I__ZN7USBCommC2Ev
                0x000000000800a2dc       0x10 CMakeFiles/doggy2_lite.elf.dir/Core/Src/USBComm.cpp.obj
 .text._ZN9HW_Config13Error_HandlerEv
                0x000000000800a2ec       0x12 CMakeFiles/doggy2_lite.elf.dir/Core/Src/hw_config.cpp.obj
                0x000000000800a2ec                HW_Config::Error_Handler()
 *fill*         0x000000000800a2fe        0x2 
 .text._ZN9HW_Config18SystemClock_ConfigEv
                0x000000000800a300       0xec CMakeFiles/doggy2_lite.elf.dir/Core/Src/hw_config.cpp.obj
                0x000000000800a300                HW_Config::SystemClock_Config()
 .text._ZN9HW_Config12MX_TIM1_InitEv
                0x000000000800a3ec       0xd0 CMakeFiles/doggy2_lite.elf.dir/Core/Src/hw_config.cpp.obj
                0x000000000800a3ec                HW_Config::MX_TIM1_Init()
 .text._ZN9HW_Config12MX_TIM3_InitEv
                0x000000000800a4bc       0xd8 CMakeFiles/doggy2_lite.elf.dir/Core/Src/hw_config.cpp.obj
                0x000000000800a4bc                HW_Config::MX_TIM3_Init()
 .text._ZN9HW_Config12MX_TIM4_InitEv
                0x000000000800a594      0x1e0 CMakeFiles/doggy2_lite.elf.dir/Core/Src/hw_config.cpp.obj
                0x000000000800a594                HW_Config::MX_TIM4_Init()
 .text._ZN9HW_Config12MX_TIM5_InitEv
                0x000000000800a774       0xdc CMakeFiles/doggy2_lite.elf.dir/Core/Src/hw_config.cpp.obj
                0x000000000800a774                HW_Config::MX_TIM5_Init()
 .text._ZN9HW_Config13MX_TIM12_InitEv
                0x000000000800a850      0x158 CMakeFiles/doggy2_lite.elf.dir/Core/Src/hw_config.cpp.obj
                0x000000000800a850                HW_Config::MX_TIM12_Init()
 .text._ZN9HW_Config19MX_USART3_UART_InitEv
                0x000000000800a9a8       0x78 CMakeFiles/doggy2_lite.elf.dir/Core/Src/hw_config.cpp.obj
                0x000000000800a9a8                HW_Config::MX_USART3_UART_Init()
 .text._ZN9HW_Config12MX_GPIO_InitEv
                0x000000000800aa20      0x2a0 CMakeFiles/doggy2_lite.elf.dir/Core/Src/hw_config.cpp.obj
                0x000000000800aa20                HW_Config::MX_GPIO_Init()
 .text._ZN9HW_ConfigC2Ev
                0x000000000800acc0       0x3c CMakeFiles/doggy2_lite.elf.dir/Core/Src/hw_config.cpp.obj
                0x000000000800acc0                HW_Config::HW_Config()
                0x000000000800acc0                HW_Config::HW_Config()
 .text._ZN9HW_ConfigD2Ev
                0x000000000800acfc       0x14 CMakeFiles/doggy2_lite.elf.dir/Core/Src/hw_config.cpp.obj
                0x000000000800acfc                HW_Config::~HW_Config()
                0x000000000800acfc                HW_Config::~HW_Config()
 .text._ZN9HW_Config7init_HWEv
                0x000000000800ad10       0x40 CMakeFiles/doggy2_lite.elf.dir/Core/Src/hw_config.cpp.obj
                0x000000000800ad10                HW_Config::init_HW()
 .text._Z41__static_initialization_and_destruction_0ii
                0x000000000800ad50       0x40 CMakeFiles/doggy2_lite.elf.dir/Core/Src/hw_config.cpp.obj
 .text._GLOBAL__sub_I__ZN9HW_ConfigC2Ev
                0x000000000800ad90       0x10 CMakeFiles/doggy2_lite.elf.dir/Core/Src/hw_config.cpp.obj
 .text._ZNVKSt6atomicIbE4loadESt12memory_order
                0x000000000800ada0       0x44 CMakeFiles/doggy2_lite.elf.dir/Core/Src/main.cpp.obj
                0x000000000800ada0                std::atomic<bool>::load(std::memory_order) const volatile
 .text._ZN12SysTickTimer5startEv
                0x000000000800ade4       0x58 CMakeFiles/doggy2_lite.elf.dir/Core/Src/main.cpp.obj
                0x000000000800ade4                SysTickTimer::start()
 .text._ZN12SysTickTimer9isSysTickEv
                0x000000000800ae3c       0x40 CMakeFiles/doggy2_lite.elf.dir/Core/Src/main.cpp.obj
                0x000000000800ae3c                SysTickTimer::isSysTick()
 .text._ZN12SysTickTimer18resetTimingControlEv
                0x000000000800ae7c       0x38 CMakeFiles/doggy2_lite.elf.dir/Core/Src/main.cpp.obj
                0x000000000800ae7c                SysTickTimer::resetTimingControl()
 .text._ZN11Doggy2Motor11updateMotorEv
                0x000000000800aeb4       0xb4 CMakeFiles/doggy2_lite.elf.dir/Core/Src/main.cpp.obj
                0x000000000800aeb4                Doggy2Motor::updateMotor()
 .text._ZN11Doggy2Motor12initPositionEv
                0x000000000800af68      0x310 CMakeFiles/doggy2_lite.elf.dir/Core/Src/main.cpp.obj
                0x000000000800af68                Doggy2Motor::initPosition()
 .text._ZN11Doggy2Motor9getEncValEv
                0x000000000800b278       0x58 CMakeFiles/doggy2_lite.elf.dir/Core/Src/main.cpp.obj
                0x000000000800b278                Doggy2Motor::getEncVal()
 .text._ZN11Doggy2Motor12updateZeroSwEv
                0x000000000800b2d0       0x84 CMakeFiles/doggy2_lite.elf.dir/Core/Src/main.cpp.obj
                0x000000000800b2d0                Doggy2Motor::updateZeroSw()
 .text._ZN11Doggy2Motor10goToAimPosEv
                0x000000000800b354       0x68 CMakeFiles/doggy2_lite.elf.dir/Core/Src/main.cpp.obj
                0x000000000800b354                Doggy2Motor::goToAimPos()
 *fill*         0x000000000800b3bc        0x4 
 .text._ZN11Doggy2Motor20calcPowerConsumptionEv
                0x000000000800b3c0       0xac CMakeFiles/doggy2_lite.elf.dir/Core/Src/main.cpp.obj
                0x000000000800b3c0                Doggy2Motor::calcPowerConsumption()
 .text._ZN11Doggy2Motor19getPowerConsumptionEv
                0x000000000800b46c       0x16 CMakeFiles/doggy2_lite.elf.dir/Core/Src/main.cpp.obj
                0x000000000800b46c                Doggy2Motor::getPowerConsumption()
 *fill*         0x000000000800b482        0x2 
 .text._ZN11Doggy2Motor17currentLimitationEv
                0x000000000800b484       0x3c CMakeFiles/doggy2_lite.elf.dir/Core/Src/main.cpp.obj
                0x000000000800b484                Doggy2Motor::currentLimitation()
 .text._ZN11Doggy2Motor12calcWindTempEf
                0x000000000800b4c0       0x7c CMakeFiles/doggy2_lite.elf.dir/Core/Src/main.cpp.obj
                0x000000000800b4c0                Doggy2Motor::calcWindTemp(float)
 .text._ZN11Doggy2Motor17outerControllLoopEv
                0x000000000800b53c      0x1b0 CMakeFiles/doggy2_lite.elf.dir/Core/Src/main.cpp.obj
                0x000000000800b53c                Doggy2Motor::outerControllLoop()
 .text._ZN11Doggy2Motor17innerControllLoopEv
                0x000000000800b6ec      0x188 CMakeFiles/doggy2_lite.elf.dir/Core/Src/main.cpp.obj
                0x000000000800b6ec                Doggy2Motor::innerControllLoop()
 .text._ZN11Doggy2Motor13posControllerEv
                0x000000000800b874       0x58 CMakeFiles/doggy2_lite.elf.dir/Core/Src/main.cpp.obj
                0x000000000800b874                Doggy2Motor::posController()
 .text._ZN11Doggy2Motor7calcRpmEl
                0x000000000800b8cc       0x60 CMakeFiles/doggy2_lite.elf.dir/Core/Src/main.cpp.obj
                0x000000000800b8cc                Doggy2Motor::calcRpm(long)
 .text._ZN11Doggy2Motor13setMotorSpeedEf
                0x000000000800b92c       0x1a CMakeFiles/doggy2_lite.elf.dir/Core/Src/main.cpp.obj
                0x000000000800b92c                Doggy2Motor::setMotorSpeed(float)
 *fill*         0x000000000800b946        0x2 
 .text._ZN11Doggy2Motor9getAngPosEv
                0x000000000800b948       0x6c CMakeFiles/doggy2_lite.elf.dir/Core/Src/main.cpp.obj
                0x000000000800b948                Doggy2Motor::getAngPos()
 .text._ZN11Doggy2Motor9getAngVelEv
                0x000000000800b9b4       0x24 CMakeFiles/doggy2_lite.elf.dir/Core/Src/main.cpp.obj
                0x000000000800b9b4                Doggy2Motor::getAngVel()
 .text._ZN11Doggy2Motor15setEmergencyOffEb
                0x000000000800b9d8       0x1c CMakeFiles/doggy2_lite.elf.dir/Core/Src/main.cpp.obj
                0x000000000800b9d8                Doggy2Motor::setEmergencyOff(bool)
 .text._ZN16Doggy2Controller10initMotorsEv
                0x000000000800b9f4       0x62 CMakeFiles/doggy2_lite.elf.dir/Core/Src/main.cpp.obj
                0x000000000800b9f4                Doggy2Controller::initMotors()
 .text._ZN16Doggy2Controller12updateMotorsEv
                0x000000000800ba56       0x50 CMakeFiles/doggy2_lite.elf.dir/Core/Src/main.cpp.obj
                0x000000000800ba56                Doggy2Controller::updateMotors()
 .text._ZN16Doggy2Controller14isResTriggeredEv
                0x000000000800baa6       0x2a CMakeFiles/doggy2_lite.elf.dir/Core/Src/main.cpp.obj
                0x000000000800baa6                Doggy2Controller::isResTriggered()
 .text._ZN16Doggy2Controller9getAngPosEv
                0x000000000800bad0       0x46 CMakeFiles/doggy2_lite.elf.dir/Core/Src/main.cpp.obj
                0x000000000800bad0                Doggy2Controller::getAngPos()
 .text._ZN16Doggy2Controller9getAngVelEv
                0x000000000800bb16       0x46 CMakeFiles/doggy2_lite.elf.dir/Core/Src/main.cpp.obj
                0x000000000800bb16                Doggy2Controller::getAngVel()
 .text._ZN16Doggy2Controller13getMsgCounterEv
                0x000000000800bb5c       0x18 CMakeFiles/doggy2_lite.elf.dir/Core/Src/main.cpp.obj
                0x000000000800bb5c                Doggy2Controller::getMsgCounter()
 *fill*         0x000000000800bb74        0x4 
 .text._ZN16Doggy2Controller11calcGravityEv
                0x000000000800bb78      0x28c CMakeFiles/doggy2_lite.elf.dir/Core/Src/main.cpp.obj
                0x000000000800bb78                Doggy2Controller::calcGravity()
 .text._ZN16Doggy2Controller22calcBreakResistorStateEv
                0x000000000800be04       0x84 CMakeFiles/doggy2_lite.elf.dir/Core/Src/main.cpp.obj
                0x000000000800be04                Doggy2Controller::calcBreakResistorState()
 .text._ZN16Doggy2Controller26calcEmergencyButtonPressedEv
                0x000000000800be88       0x80 CMakeFiles/doggy2_lite.elf.dir/Core/Src/main.cpp.obj
                0x000000000800be88                Doggy2Controller::calcEmergencyButtonPressed()
 .text._Z7mainFSMR16Doggy2ControllerRm
                0x000000000800bf08       0x58 CMakeFiles/doggy2_lite.elf.dir/Core/Src/main.cpp.obj
                0x000000000800bf08                mainFSM(Doggy2Controller&, unsigned long&)
 .text.main     0x000000000800bf60      0x178 CMakeFiles/doggy2_lite.elf.dir/Core/Src/main.cpp.obj
                0x000000000800bf60                main
 .text.HAL_MspInit
                0x000000000800c0d8       0x4c CMakeFiles/doggy2_lite.elf.dir/Core/Src/stm32f4xx_hal_msp.c.obj
                0x000000000800c0d8                HAL_MspInit
 .text.HAL_TIM_Encoder_MspInit
                0x000000000800c124      0x16c CMakeFiles/doggy2_lite.elf.dir/Core/Src/stm32f4xx_hal_msp.c.obj
                0x000000000800c124                HAL_TIM_Encoder_MspInit
 .text.HAL_TIM_Base_MspInit
                0x000000000800c290       0x6c CMakeFiles/doggy2_lite.elf.dir/Core/Src/stm32f4xx_hal_msp.c.obj
                0x000000000800c290                HAL_TIM_Base_MspInit
 .text.HAL_TIM_MspPostInit
                0x000000000800c2fc       0xc8 CMakeFiles/doggy2_lite.elf.dir/Core/Src/stm32f4xx_hal_msp.c.obj
                0x000000000800c2fc                HAL_TIM_MspPostInit
 .text.HAL_UART_MspInit
                0x000000000800c3c4       0xa0 CMakeFiles/doggy2_lite.elf.dir/Core/Src/stm32f4xx_hal_msp.c.obj
                0x000000000800c3c4                HAL_UART_MspInit
 .text.NMI_Handler
                0x000000000800c464        0x6 CMakeFiles/doggy2_lite.elf.dir/Core/Src/stm32f4xx_it.c.obj
                0x000000000800c464                NMI_Handler
 .text.HardFault_Handler
                0x000000000800c46a        0x6 CMakeFiles/doggy2_lite.elf.dir/Core/Src/stm32f4xx_it.c.obj
                0x000000000800c46a                HardFault_Handler
 .text.MemManage_Handler
                0x000000000800c470        0x6 CMakeFiles/doggy2_lite.elf.dir/Core/Src/stm32f4xx_it.c.obj
                0x000000000800c470                MemManage_Handler
 .text.BusFault_Handler
                0x000000000800c476        0x6 CMakeFiles/doggy2_lite.elf.dir/Core/Src/stm32f4xx_it.c.obj
                0x000000000800c476                BusFault_Handler
 .text.UsageFault_Handler
                0x000000000800c47c        0x6 CMakeFiles/doggy2_lite.elf.dir/Core/Src/stm32f4xx_it.c.obj
                0x000000000800c47c                UsageFault_Handler
 .text.SVC_Handler
                0x000000000800c482        0xc CMakeFiles/doggy2_lite.elf.dir/Core/Src/stm32f4xx_it.c.obj
                0x000000000800c482                SVC_Handler
 .text.DebugMon_Handler
                0x000000000800c48e        0xc CMakeFiles/doggy2_lite.elf.dir/Core/Src/stm32f4xx_it.c.obj
                0x000000000800c48e                DebugMon_Handler
 .text.PendSV_Handler
                0x000000000800c49a        0xc CMakeFiles/doggy2_lite.elf.dir/Core/Src/stm32f4xx_it.c.obj
                0x000000000800c49a                PendSV_Handler
 .text._getpid  0x000000000800c4a6        0xe CMakeFiles/doggy2_lite.elf.dir/Core/Src/syscalls.c.obj
                0x000000000800c4a6                _getpid
 .text._kill    0x000000000800c4b4       0x20 CMakeFiles/doggy2_lite.elf.dir/Core/Src/syscalls.c.obj
                0x000000000800c4b4                _kill
 .text._exit    0x000000000800c4d4       0x14 CMakeFiles/doggy2_lite.elf.dir/Core/Src/syscalls.c.obj
                0x000000000800c4d4                _exit
 .text._read    0x000000000800c4e8       0x3a CMakeFiles/doggy2_lite.elf.dir/Core/Src/syscalls.c.obj
                0x000000000800c4e8                _read
 .text._write   0x000000000800c522       0x38 CMakeFiles/doggy2_lite.elf.dir/Core/Src/syscalls.c.obj
                0x000000000800c522                _write
 .text._close   0x000000000800c55a       0x16 CMakeFiles/doggy2_lite.elf.dir/Core/Src/syscalls.c.obj
                0x000000000800c55a                _close
 .text._fstat   0x000000000800c570       0x1e CMakeFiles/doggy2_lite.elf.dir/Core/Src/syscalls.c.obj
                0x000000000800c570                _fstat
 .text._isatty  0x000000000800c58e       0x14 CMakeFiles/doggy2_lite.elf.dir/Core/Src/syscalls.c.obj
                0x000000000800c58e                _isatty
 .text._lseek   0x000000000800c5a2       0x18 CMakeFiles/doggy2_lite.elf.dir/Core/Src/syscalls.c.obj
                0x000000000800c5a2                _lseek
 *fill*         0x000000000800c5ba        0x2 
 .text._sbrk    0x000000000800c5bc       0x6c CMakeFiles/doggy2_lite.elf.dir/Core/Src/sysmem.c.obj
                0x000000000800c5bc                _sbrk
 .text.SystemInit
                0x000000000800c628        0xc CMakeFiles/doggy2_lite.elf.dir/Core/Src/system_stm32f4xx.c.obj
                0x000000000800c628                SystemInit
 .text.SystemCoreClockUpdate
                0x000000000800c634      0x100 CMakeFiles/doggy2_lite.elf.dir/Core/Src/system_stm32f4xx.c.obj
                0x000000000800c634                SystemCoreClockUpdate
 .text.Reset_Handler
                0x000000000800c734       0x50 CMakeFiles/doggy2_lite.elf.dir/Core/Startup/startup_stm32f407igtx.s.obj
                0x000000000800c734                Reset_Handler
 .text.Default_Handler
                0x000000000800c784        0x2 CMakeFiles/doggy2_lite.elf.dir/Core/Startup/startup_stm32f407igtx.s.obj
                0x000000000800c784                RTC_Alarm_IRQHandler
                0x000000000800c784                HASH_RNG_IRQHandler
                0x000000000800c784                EXTI2_IRQHandler
                0x000000000800c784                TIM8_CC_IRQHandler
                0x000000000800c784                TIM1_CC_IRQHandler
                0x000000000800c784                DMA2_Stream5_IRQHandler
                0x000000000800c784                DMA1_Stream5_IRQHandler
                0x000000000800c784                PVD_IRQHandler
                0x000000000800c784                SDIO_IRQHandler
                0x000000000800c784                TAMP_STAMP_IRQHandler
                0x000000000800c784                CAN2_RX1_IRQHandler
                0x000000000800c784                EXTI3_IRQHandler
                0x000000000800c784                TIM8_TRG_COM_TIM14_IRQHandler
                0x000000000800c784                TIM1_UP_TIM10_IRQHandler
                0x000000000800c784                TIM8_UP_TIM13_IRQHandler
                0x000000000800c784                I2C3_ER_IRQHandler
                0x000000000800c784                EXTI0_IRQHandler
                0x000000000800c784                I2C2_EV_IRQHandler
                0x000000000800c784                DMA1_Stream2_IRQHandler
                0x000000000800c784                CAN1_RX0_IRQHandler
                0x000000000800c784                FPU_IRQHandler
                0x000000000800c784                OTG_HS_WKUP_IRQHandler
                0x000000000800c784                CAN2_SCE_IRQHandler
                0x000000000800c784                DMA2_Stream2_IRQHandler
                0x000000000800c784                SPI1_IRQHandler
                0x000000000800c784                TIM6_DAC_IRQHandler
                0x000000000800c784                TIM1_BRK_TIM9_IRQHandler
                0x000000000800c784                DCMI_IRQHandler
                0x000000000800c784                CAN2_RX0_IRQHandler
                0x000000000800c784                DMA2_Stream3_IRQHandler
                0x000000000800c784                USART6_IRQHandler
                0x000000000800c784                CAN1_RX1_IRQHandler
                0x000000000800c784                UART5_IRQHandler
                0x000000000800c784                DMA2_Stream0_IRQHandler
                0x000000000800c784                TIM4_IRQHandler
                0x000000000800c784                I2C1_EV_IRQHandler
                0x000000000800c784                DMA1_Stream6_IRQHandler
                0x000000000800c784                DMA1_Stream1_IRQHandler
                0x000000000800c784                UART4_IRQHandler
                0x000000000800c784                TIM3_IRQHandler
                0x000000000800c784                RCC_IRQHandler
                0x000000000800c784                TIM8_BRK_TIM12_IRQHandler
                0x000000000800c784                Default_Handler
                0x000000000800c784                EXTI15_10_IRQHandler
                0x000000000800c784                ADC_IRQHandler
                0x000000000800c784                DMA1_Stream7_IRQHandler
                0x000000000800c784                TIM7_IRQHandler
                0x000000000800c784                CAN2_TX_IRQHandler
                0x000000000800c784                TIM5_IRQHandler
                0x000000000800c784                DMA2_Stream7_IRQHandler
                0x000000000800c784                I2C3_EV_IRQHandler
                0x000000000800c784                EXTI9_5_IRQHandler
                0x000000000800c784                RTC_WKUP_IRQHandler
                0x000000000800c784                ETH_WKUP_IRQHandler
                0x000000000800c784                SPI2_IRQHandler
                0x000000000800c784                OTG_HS_EP1_IN_IRQHandler
                0x000000000800c784                DMA1_Stream0_IRQHandler
                0x000000000800c784                CAN1_TX_IRQHandler
                0x000000000800c784                EXTI4_IRQHandler
                0x000000000800c784                FSMC_IRQHandler
                0x000000000800c784                ETH_IRQHandler
                0x000000000800c784                OTG_HS_EP1_OUT_IRQHandler
                0x000000000800c784                WWDG_IRQHandler
                0x000000000800c784                TIM2_IRQHandler
                0x000000000800c784                OTG_FS_WKUP_IRQHandler
                0x000000000800c784                TIM1_TRG_COM_TIM11_IRQHandler
                0x000000000800c784                OTG_HS_IRQHandler
                0x000000000800c784                EXTI1_IRQHandler
                0x000000000800c784                USART2_IRQHandler
                0x000000000800c784                I2C2_ER_IRQHandler
                0x000000000800c784                DMA2_Stream1_IRQHandler
                0x000000000800c784                CAN1_SCE_IRQHandler
                0x000000000800c784                FLASH_IRQHandler
                0x000000000800c784                DMA2_Stream4_IRQHandler
                0x000000000800c784                USART1_IRQHandler
                0x000000000800c784                OTG_FS_IRQHandler
                0x000000000800c784                SPI3_IRQHandler
                0x000000000800c784                DMA1_Stream4_IRQHandler
                0x000000000800c784                I2C1_ER_IRQHandler
                0x000000000800c784                DMA2_Stream6_IRQHandler
                0x000000000800c784                DMA1_Stream3_IRQHandler
 *fill*         0x000000000800c786        0x2 
 .text.HAL_Init
                0x000000000800c788       0x44 CMakeFiles/doggy2_lite.elf.dir/Drivers/STM32F4xx_HAL_Driver/Src/stm32f4xx_hal.c.obj
                0x000000000800c788                HAL_Init
 .text.HAL_IncTick
                0x000000000800c7cc       0x24 CMakeFiles/doggy2_lite.elf.dir/Drivers/STM32F4xx_HAL_Driver/Src/stm32f4xx_hal.c.obj
                0x000000000800c7cc                HAL_IncTick
 .text.HAL_GetTick
                0x000000000800c7f0       0x14 CMakeFiles/doggy2_lite.elf.dir/Drivers/STM32F4xx_HAL_Driver/Src/stm32f4xx_hal.c.obj
                0x000000000800c7f0                HAL_GetTick
 .text.__NVIC_SetPriorityGrouping
                0x000000000800c804       0x48 CMakeFiles/doggy2_lite.elf.dir/Drivers/STM32F4xx_HAL_Driver/Src/stm32f4xx_hal_cortex.c.obj
 .text.__NVIC_GetPriorityGrouping
                0x000000000800c84c       0x1c CMakeFiles/doggy2_lite.elf.dir/Drivers/STM32F4xx_HAL_Driver/Src/stm32f4xx_hal_cortex.c.obj
 .text.__NVIC_EnableIRQ
                0x000000000800c868       0x38 CMakeFiles/doggy2_lite.elf.dir/Drivers/STM32F4xx_HAL_Driver/Src/stm32f4xx_hal_cortex.c.obj
 .text.__NVIC_SetPriority
                0x000000000800c8a0       0x54 CMakeFiles/doggy2_lite.elf.dir/Drivers/STM32F4xx_HAL_Driver/Src/stm32f4xx_hal_cortex.c.obj
 .text.NVIC_EncodePriority
                0x000000000800c8f4       0x64 CMakeFiles/doggy2_lite.elf.dir/Drivers/STM32F4xx_HAL_Driver/Src/stm32f4xx_hal_cortex.c.obj
 .text.SysTick_Config
                0x000000000800c958       0x44 CMakeFiles/doggy2_lite.elf.dir/Drivers/STM32F4xx_HAL_Driver/Src/stm32f4xx_hal_cortex.c.obj
 .text.HAL_NVIC_SetPriorityGrouping
                0x000000000800c99c       0x16 CMakeFiles/doggy2_lite.elf.dir/Drivers/STM32F4xx_HAL_Driver/Src/stm32f4xx_hal_cortex.c.obj
                0x000000000800c99c                HAL_NVIC_SetPriorityGrouping
 .text.HAL_NVIC_SetPriority
                0x000000000800c9b2       0x38 CMakeFiles/doggy2_lite.elf.dir/Drivers/STM32F4xx_HAL_Driver/Src/stm32f4xx_hal_cortex.c.obj
                0x000000000800c9b2                HAL_NVIC_SetPriority
 .text.HAL_NVIC_EnableIRQ
                0x000000000800c9ea       0x1c CMakeFiles/doggy2_lite.elf.dir/Drivers/STM32F4xx_HAL_Driver/Src/stm32f4xx_hal_cortex.c.obj
                0x000000000800c9ea                HAL_NVIC_EnableIRQ
 .text.HAL_SYSTICK_Config
                0x000000000800ca06       0x18 CMakeFiles/doggy2_lite.elf.dir/Drivers/STM32F4xx_HAL_Driver/Src/stm32f4xx_hal_cortex.c.obj
                0x000000000800ca06                HAL_SYSTICK_Config
 .text.HAL_DMA_Abort
                0x000000000800ca1e       0xe0 CMakeFiles/doggy2_lite.elf.dir/Drivers/STM32F4xx_HAL_Driver/Src/stm32f4xx_hal_dma.c.obj
                0x000000000800ca1e                HAL_DMA_Abort
 .text.HAL_DMA_Abort_IT
                0x000000000800cafe       0x42 CMakeFiles/doggy2_lite.elf.dir/Drivers/STM32F4xx_HAL_Driver/Src/stm32f4xx_hal_dma.c.obj
                0x000000000800cafe                HAL_DMA_Abort_IT
 .text.HAL_GPIO_Init
                0x000000000800cb40      0x334 CMakeFiles/doggy2_lite.elf.dir/Drivers/STM32F4xx_HAL_Driver/Src/stm32f4xx_hal_gpio.c.obj
                0x000000000800cb40                HAL_GPIO_Init
 .text.HAL_GPIO_WritePin
                0x000000000800ce74       0x30 CMakeFiles/doggy2_lite.elf.dir/Drivers/STM32F4xx_HAL_Driver/Src/stm32f4xx_hal_gpio.c.obj
                0x000000000800ce74                HAL_GPIO_WritePin
 .text.HAL_RCC_OscConfig
                0x000000000800cea4      0x4f8 CMakeFiles/doggy2_lite.elf.dir/Drivers/STM32F4xx_HAL_Driver/Src/stm32f4xx_hal_rcc.c.obj
                0x000000000800cea4                HAL_RCC_OscConfig
 .text.HAL_RCC_ClockConfig
                0x000000000800d39c      0x1cc CMakeFiles/doggy2_lite.elf.dir/Drivers/STM32F4xx_HAL_Driver/Src/stm32f4xx_hal_rcc.c.obj
                0x000000000800d39c                HAL_RCC_ClockConfig
 .text.HAL_RCC_GetSysClockFreq
                0x000000000800d568      0x1c4 CMakeFiles/doggy2_lite.elf.dir/Drivers/STM32F4xx_HAL_Driver/Src/stm32f4xx_hal_rcc.c.obj
                0x000000000800d568                HAL_RCC_GetSysClockFreq
 .text.HAL_RCC_GetHCLKFreq
                0x000000000800d72c       0x14 CMakeFiles/doggy2_lite.elf.dir/Drivers/STM32F4xx_HAL_Driver/Src/stm32f4xx_hal_rcc.c.obj
                0x000000000800d72c                HAL_RCC_GetHCLKFreq
 .text.HAL_RCC_GetPCLK1Freq
                0x000000000800d740       0x28 CMakeFiles/doggy2_lite.elf.dir/Drivers/STM32F4xx_HAL_Driver/Src/stm32f4xx_hal_rcc.c.obj
                0x000000000800d740                HAL_RCC_GetPCLK1Freq
 .text.HAL_RCC_GetPCLK2Freq
                0x000000000800d768       0x28 CMakeFiles/doggy2_lite.elf.dir/Drivers/STM32F4xx_HAL_Driver/Src/stm32f4xx_hal_rcc.c.obj
                0x000000000800d768                HAL_RCC_GetPCLK2Freq
 .text.HAL_TIM_Base_Init
                0x000000000800d790       0x9e CMakeFiles/doggy2_lite.elf.dir/Drivers/STM32F4xx_HAL_Driver/Src/stm32f4xx_hal_tim.c.obj
                0x000000000800d790                HAL_TIM_Base_Init
 .text.HAL_TIM_PWM_Init
                0x000000000800d82e       0x9e CMakeFiles/doggy2_lite.elf.dir/Drivers/STM32F4xx_HAL_Driver/Src/stm32f4xx_hal_tim.c.obj
                0x000000000800d82e                HAL_TIM_PWM_Init
 .text.HAL_TIM_PWM_MspInit
                0x000000000800d8cc       0x12 CMakeFiles/doggy2_lite.elf.dir/Drivers/STM32F4xx_HAL_Driver/Src/stm32f4xx_hal_tim.c.obj
                0x000000000800d8cc                HAL_TIM_PWM_MspInit
 *fill*         0x000000000800d8de        0x2 
 .text.HAL_TIM_PWM_Start
                0x000000000800d8e0      0x190 CMakeFiles/doggy2_lite.elf.dir/Drivers/STM32F4xx_HAL_Driver/Src/stm32f4xx_hal_tim.c.obj
                0x000000000800d8e0                HAL_TIM_PWM_Start
 .text.HAL_TIM_Encoder_Init
                0x000000000800da70      0x14c CMakeFiles/doggy2_lite.elf.dir/Drivers/STM32F4xx_HAL_Driver/Src/stm32f4xx_hal_tim.c.obj
                0x000000000800da70                HAL_TIM_Encoder_Init
 .text.HAL_TIM_Encoder_Start
                0x000000000800dbbc      0x11c CMakeFiles/doggy2_lite.elf.dir/Drivers/STM32F4xx_HAL_Driver/Src/stm32f4xx_hal_tim.c.obj
                0x000000000800dbbc                HAL_TIM_Encoder_Start
 .text.HAL_TIM_PWM_ConfigChannel
                0x000000000800dcd8      0x17c CMakeFiles/doggy2_lite.elf.dir/Drivers/STM32F4xx_HAL_Driver/Src/stm32f4xx_hal_tim.c.obj
                0x000000000800dcd8                HAL_TIM_PWM_ConfigChannel
 .text.HAL_TIM_ConfigClockSource
                0x000000000800de54      0x188 CMakeFiles/doggy2_lite.elf.dir/Drivers/STM32F4xx_HAL_Driver/Src/stm32f4xx_hal_tim.c.obj
                0x000000000800de54                HAL_TIM_ConfigClockSource
 .text.TIM_Base_SetConfig
                0x000000000800dfdc      0x13c CMakeFiles/doggy2_lite.elf.dir/Drivers/STM32F4xx_HAL_Driver/Src/stm32f4xx_hal_tim.c.obj
                0x000000000800dfdc                TIM_Base_SetConfig
 .text.TIM_OC1_SetConfig
                0x000000000800e118       0xe0 CMakeFiles/doggy2_lite.elf.dir/Drivers/STM32F4xx_HAL_Driver/Src/stm32f4xx_hal_tim.c.obj
 .text.TIM_OC2_SetConfig
                0x000000000800e1f8       0xe8 CMakeFiles/doggy2_lite.elf.dir/Drivers/STM32F4xx_HAL_Driver/Src/stm32f4xx_hal_tim.c.obj
                0x000000000800e1f8                TIM_OC2_SetConfig
 .text.TIM_OC3_SetConfig
                0x000000000800e2e0       0xe8 CMakeFiles/doggy2_lite.elf.dir/Drivers/STM32F4xx_HAL_Driver/Src/stm32f4xx_hal_tim.c.obj
 .text.TIM_OC4_SetConfig
                0x000000000800e3c8       0xa8 CMakeFiles/doggy2_lite.elf.dir/Drivers/STM32F4xx_HAL_Driver/Src/stm32f4xx_hal_tim.c.obj
 .text.TIM_TI1_ConfigInputStage
                0x000000000800e470       0x5c CMakeFiles/doggy2_lite.elf.dir/Drivers/STM32F4xx_HAL_Driver/Src/stm32f4xx_hal_tim.c.obj
 .text.TIM_TI2_ConfigInputStage
                0x000000000800e4cc       0x5e CMakeFiles/doggy2_lite.elf.dir/Drivers/STM32F4xx_HAL_Driver/Src/stm32f4xx_hal_tim.c.obj
 .text.TIM_ITRx_SetConfig
                0x000000000800e52a       0x34 CMakeFiles/doggy2_lite.elf.dir/Drivers/STM32F4xx_HAL_Driver/Src/stm32f4xx_hal_tim.c.obj
 .text.TIM_ETR_SetConfig
                0x000000000800e55e       0x3e CMakeFiles/doggy2_lite.elf.dir/Drivers/STM32F4xx_HAL_Driver/Src/stm32f4xx_hal_tim.c.obj
                0x000000000800e55e                TIM_ETR_SetConfig
 .text.TIM_CCxChannelCmd
                0x000000000800e59c       0x48 CMakeFiles/doggy2_lite.elf.dir/Drivers/STM32F4xx_HAL_Driver/Src/stm32f4xx_hal_tim.c.obj
                0x000000000800e59c                TIM_CCxChannelCmd
 .text.HAL_TIMEx_MasterConfigSynchronization
                0x000000000800e5e4       0xf4 CMakeFiles/doggy2_lite.elf.dir/Drivers/STM32F4xx_HAL_Driver/Src/stm32f4xx_hal_tim_ex.c.obj
                0x000000000800e5e4                HAL_TIMEx_MasterConfigSynchronization
 .text.HAL_UART_Init
                0x000000000800e6d8       0xb4 CMakeFiles/doggy2_lite.elf.dir/Drivers/STM32F4xx_HAL_Driver/Src/stm32f4xx_hal_uart.c.obj
                0x000000000800e6d8                HAL_UART_Init
 .text.HAL_UART_Transmit_IT
                0x000000000800e78c       0x88 CMakeFiles/doggy2_lite.elf.dir/Drivers/STM32F4xx_HAL_Driver/Src/stm32f4xx_hal_uart.c.obj
                0x000000000800e78c                HAL_UART_Transmit_IT
 .text.HAL_UART_Receive_IT
                0x000000000800e814       0x60 CMakeFiles/doggy2_lite.elf.dir/Drivers/STM32F4xx_HAL_Driver/Src/stm32f4xx_hal_uart.c.obj
                0x000000000800e814                HAL_UART_Receive_IT
 .text.HAL_UART_IRQHandler
                0x000000000800e874      0x360 CMakeFiles/doggy2_lite.elf.dir/Drivers/STM32F4xx_HAL_Driver/Src/stm32f4xx_hal_uart.c.obj
                0x000000000800e874                HAL_UART_IRQHandler
 .text.HAL_UART_TxHalfCpltCallback
                0x000000000800ebd4       0x12 CMakeFiles/doggy2_lite.elf.dir/Drivers/STM32F4xx_HAL_Driver/Src/stm32f4xx_hal_uart.c.obj
                0x000000000800ebd4                HAL_UART_TxHalfCpltCallback
 .text.HAL_UART_RxHalfCpltCallback
                0x000000000800ebe6       0x12 CMakeFiles/doggy2_lite.elf.dir/Drivers/STM32F4xx_HAL_Driver/Src/stm32f4xx_hal_uart.c.obj
                0x000000000800ebe6                HAL_UART_RxHalfCpltCallback
 .text.HAL_UART_AbortCpltCallback
                0x000000000800ebf8       0x12 CMakeFiles/doggy2_lite.elf.dir/Drivers/STM32F4xx_HAL_Driver/Src/stm32f4xx_hal_uart.c.obj
                0x000000000800ebf8                HAL_UART_AbortCpltCallback
 .text.HAL_UART_AbortTransmitCpltCallback
                0x000000000800ec0a       0x12 CMakeFiles/doggy2_lite.elf.dir/Drivers/STM32F4xx_HAL_Driver/Src/stm32f4xx_hal_uart.c.obj
                0x000000000800ec0a                HAL_UART_AbortTransmitCpltCallback
 .text.HAL_UART_AbortReceiveCpltCallback
                0x000000000800ec1c       0x12 CMakeFiles/doggy2_lite.elf.dir/Drivers/STM32F4xx_HAL_Driver/Src/stm32f4xx_hal_uart.c.obj
                0x000000000800ec1c                HAL_UART_AbortReceiveCpltCallback
 .text.HAL_UARTEx_RxEventCallback
                0x000000000800ec2e       0x16 CMakeFiles/doggy2_lite.elf.dir/Drivers/STM32F4xx_HAL_Driver/Src/stm32f4xx_hal_uart.c.obj
                0x000000000800ec2e                HAL_UARTEx_RxEventCallback
 .text.UART_InitCallbacksToDefault
                0x000000000800ec44       0x6c CMakeFiles/doggy2_lite.elf.dir/Drivers/STM32F4xx_HAL_Driver/Src/stm32f4xx_hal_uart.c.obj
                0x000000000800ec44                UART_InitCallbacksToDefault
 .text.UART_Start_Receive_IT
                0x000000000800ecb0       0x72 CMakeFiles/doggy2_lite.elf.dir/Drivers/STM32F4xx_HAL_Driver/Src/stm32f4xx_hal_uart.c.obj
                0x000000000800ecb0                UART_Start_Receive_IT
 .text.UART_EndRxTransfer
                0x000000000800ed22       0x58 CMakeFiles/doggy2_lite.elf.dir/Drivers/STM32F4xx_HAL_Driver/Src/stm32f4xx_hal_uart.c.obj
 .text.UART_DMAAbortOnError
                0x000000000800ed7a       0x2a CMakeFiles/doggy2_lite.elf.dir/Drivers/STM32F4xx_HAL_Driver/Src/stm32f4xx_hal_uart.c.obj
 .text.UART_Transmit_IT
                0x000000000800eda4       0x9e CMakeFiles/doggy2_lite.elf.dir/Drivers/STM32F4xx_HAL_Driver/Src/stm32f4xx_hal_uart.c.obj
 .text.UART_EndTransmit_IT
                0x000000000800ee42       0x32 CMakeFiles/doggy2_lite.elf.dir/Drivers/STM32F4xx_HAL_Driver/Src/stm32f4xx_hal_uart.c.obj
 .text.UART_Receive_IT
                0x000000000800ee74      0x132 CMakeFiles/doggy2_lite.elf.dir/Drivers/STM32F4xx_HAL_Driver/Src/stm32f4xx_hal_uart.c.obj
 *fill*         0x000000000800efa6        0x2 
 .text.UART_SetConfig
                0x000000000800efa8      0x394 CMakeFiles/doggy2_lite.elf.dir/Drivers/STM32F4xx_HAL_Driver/Src/stm32f4xx_hal_uart.c.obj
 .text.__aeabi_atexit
                0x000000000800f33c        0xc /opt/st/stm32cubeide_1.6.0/plugins/com.st.stm32cube.ide.mcu.externaltools.gnu-tools-for-stm32.9-2020-q2-update.linux64_1.5.0.202011040924/tools/bin/../lib/gcc/arm-none-eabi/9.3.1/../../../../arm-none-eabi/lib/thumb/v7e-m/nofp/libstdc++.a(atexit_arm.o)
                0x000000000800f33c                __aeabi_atexit
 .text._ZNK10__cxxabiv117__class_type_info11__do_upcastEPKS0_PPv
                0x000000000800f348       0x38 /opt/st/stm32cubeide_1.6.0/plugins/com.st.stm32cube.ide.mcu.externaltools.gnu-tools-for-stm32.9-2020-q2-update.linux64_1.5.0.202011040924/tools/bin/../lib/gcc/arm-none-eabi/9.3.1/../../../../arm-none-eabi/lib/thumb/v7e-m/nofp/libstdc++.a(class_type_info.o)
                0x000000000800f348                __cxxabiv1::__class_type_info::__do_upcast(__cxxabiv1::__class_type_info const*, void**) const
 .text._ZNK10__cxxabiv117__class_type_info20__do_find_public_srcEiPKvPKS0_S2_
                0x000000000800f380        0xc /opt/st/stm32cubeide_1.6.0/plugins/com.st.stm32cube.ide.mcu.externaltools.gnu-tools-for-stm32.9-2020-q2-update.linux64_1.5.0.202011040924/tools/bin/../lib/gcc/arm-none-eabi/9.3.1/../../../../arm-none-eabi/lib/thumb/v7e-m/nofp/libstdc++.a(class_type_info.o)
                0x000000000800f380                __cxxabiv1::__class_type_info::__do_find_public_src(int, void const*, __cxxabiv1::__class_type_info const*, void const*) const
 .text._ZN10__cxxabiv117__class_type_infoD2Ev
                0x000000000800f38c       0x14 /opt/st/stm32cubeide_1.6.0/plugins/com.st.stm32cube.ide.mcu.externaltools.gnu-tools-for-stm32.9-2020-q2-update.linux64_1.5.0.202011040924/tools/bin/../lib/gcc/arm-none-eabi/9.3.1/../../../../arm-none-eabi/lib/thumb/v7e-m/nofp/libstdc++.a(class_type_info.o)
                0x000000000800f38c                __cxxabiv1::__class_type_info::~__class_type_info()
                0x000000000800f38c                __cxxabiv1::__class_type_info::~__class_type_info()
 .text._ZN10__cxxabiv117__class_type_infoD0Ev
                0x000000000800f3a0       0x1c /opt/st/stm32cubeide_1.6.0/plugins/com.st.stm32cube.ide.mcu.externaltools.gnu-tools-for-stm32.9-2020-q2-update.linux64_1.5.0.202011040924/tools/bin/../lib/gcc/arm-none-eabi/9.3.1/../../../../arm-none-eabi/lib/thumb/v7e-m/nofp/libstdc++.a(class_type_info.o)
                0x000000000800f3a0                __cxxabiv1::__class_type_info::~__class_type_info()
 .text._ZNK10__cxxabiv117__class_type_info12__do_dyncastEiNS0_10__sub_kindEPKS0_PKvS3_S5_RNS0_16__dyncast_resultE
                0x000000000800f3bc       0x44 /opt/st/stm32cubeide_1.6.0/plugins/com.st.stm32cube.ide.mcu.externaltools.gnu-tools-for-stm32.9-2020-q2-update.linux64_1.5.0.202011040924/tools/bin/../lib/gcc/arm-none-eabi/9.3.1/../../../../arm-none-eabi/lib/thumb/v7e-m/nofp/libstdc++.a(class_type_info.o)
                0x000000000800f3bc                __cxxabiv1::__class_type_info::__do_dyncast(int, __cxxabiv1::__class_type_info::__sub_kind, __cxxabiv1::__class_type_info const*, void const*, __cxxabiv1::__class_type_info const*, void const*, __cxxabiv1::__class_type_info::__dyncast_result&) const
 .text._ZNK10__cxxabiv117__class_type_info11__do_upcastEPKS0_PKvRNS0_15__upcast_resultE
                0x000000000800f400       0x1c /opt/st/stm32cubeide_1.6.0/plugins/com.st.stm32cube.ide.mcu.externaltools.gnu-tools-for-stm32.9-2020-q2-update.linux64_1.5.0.202011040924/tools/bin/../lib/gcc/arm-none-eabi/9.3.1/../../../../arm-none-eabi/lib/thumb/v7e-m/nofp/libstdc++.a(class_type_info.o)
                0x000000000800f400                __cxxabiv1::__class_type_info::__do_upcast(__cxxabiv1::__class_type_info const*, void const*, __cxxabiv1::__class_type_info::__upcast_result&) const
 .text._ZNK10__cxxabiv117__class_type_info10__do_catchEPKSt9type_infoPPvj
                0x000000000800f41c       0x2c /opt/st/stm32cubeide_1.6.0/plugins/com.st.stm32cube.ide.mcu.externaltools.gnu-tools-for-stm32.9-2020-q2-update.linux64_1.5.0.202011040924/tools/bin/../lib/gcc/arm-none-eabi/9.3.1/../../../../arm-none-eabi/lib/thumb/v7e-m/nofp/libstdc++.a(class_type_info.o)
                0x000000000800f41c                __cxxabiv1::__class_type_info::__do_catch(std::type_info const*, void**, unsigned int) const
 .text._ZdlPv   0x000000000800f448        0x4 /opt/st/stm32cubeide_1.6.0/plugins/com.st.stm32cube.ide.mcu.externaltools.gnu-tools-for-stm32.9-2020-q2-update.linux64_1.5.0.202011040924/tools/bin/../lib/gcc/arm-none-eabi/9.3.1/../../../../arm-none-eabi/lib/thumb/v7e-m/nofp/libstdc++.a(del_op.o)
                0x000000000800f448                operator delete(void*)
 .text._ZdlPvj  0x000000000800f44c        0x4 /opt/st/stm32cubeide_1.6.0/plugins/com.st.stm32cube.ide.mcu.externaltools.gnu-tools-for-stm32.9-2020-q2-update.linux64_1.5.0.202011040924/tools/bin/../lib/gcc/arm-none-eabi/9.3.1/../../../../arm-none-eabi/lib/thumb/v7e-m/nofp/libstdc++.a(del_ops.o)
                0x000000000800f44c                operator delete(void*, unsigned int)
 .text.__cxa_end_cleanup
                0x000000000800f450        0xc /opt/st/stm32cubeide_1.6.0/plugins/com.st.stm32cube.ide.mcu.externaltools.gnu-tools-for-stm32.9-2020-q2-update.linux64_1.5.0.202011040924/tools/bin/../lib/gcc/arm-none-eabi/9.3.1/../../../../arm-none-eabi/lib/thumb/v7e-m/nofp/libstdc++.a(eh_arm.o)
                0x000000000800f450                __cxa_end_cleanup
 .text.__cxa_type_match
                0x000000000800f45c       0xc0 /opt/st/stm32cubeide_1.6.0/plugins/com.st.stm32cube.ide.mcu.externaltools.gnu-tools-for-stm32.9-2020-q2-update.linux64_1.5.0.202011040924/tools/bin/../lib/gcc/arm-none-eabi/9.3.1/../../../../arm-none-eabi/lib/thumb/v7e-m/nofp/libstdc++.a(eh_arm.o)
                0x000000000800f45c                __cxa_type_match
 .text.__cxa_begin_cleanup
                0x000000000800f51c       0x64 /opt/st/stm32cubeide_1.6.0/plugins/com.st.stm32cube.ide.mcu.externaltools.gnu-tools-for-stm32.9-2020-q2-update.linux64_1.5.0.202011040924/tools/bin/../lib/gcc/arm-none-eabi/9.3.1/../../../../arm-none-eabi/lib/thumb/v7e-m/nofp/libstdc++.a(eh_arm.o)
                0x000000000800f51c                __cxa_begin_cleanup
 .text.__gnu_end_cleanup
                0x000000000800f580       0x70 /opt/st/stm32cubeide_1.6.0/plugins/com.st.stm32cube.ide.mcu.externaltools.gnu-tools-for-stm32.9-2020-q2-update.linux64_1.5.0.202011040924/tools/bin/../lib/gcc/arm-none-eabi/9.3.1/../../../../arm-none-eabi/lib/thumb/v7e-m/nofp/libstdc++.a(eh_arm.o)
                0x000000000800f580                __gnu_end_cleanup
 .text._ZNSt9exceptionD2Ev
                0x000000000800f5f0        0x4 /opt/st/stm32cubeide_1.6.0/plugins/com.st.stm32cube.ide.mcu.externaltools.gnu-tools-for-stm32.9-2020-q2-update.linux64_1.5.0.202011040924/tools/bin/../lib/gcc/arm-none-eabi/9.3.1/../../../../arm-none-eabi/lib/thumb/v7e-m/nofp/libstdc++.a(eh_exception.o)
                0x000000000800f5f0                std::exception::~exception()
                0x000000000800f5f0                std::exception::~exception()
 .text._ZNSt13bad_exceptionD2Ev
                0x000000000800f5f4        0x4 /opt/st/stm32cubeide_1.6.0/plugins/com.st.stm32cube.ide.mcu.externaltools.gnu-tools-for-stm32.9-2020-q2-update.linux64_1.5.0.202011040924/tools/bin/../lib/gcc/arm-none-eabi/9.3.1/../../../../arm-none-eabi/lib/thumb/v7e-m/nofp/libstdc++.a(eh_exception.o)
                0x000000000800f5f4                std::bad_exception::~bad_exception()
                0x000000000800f5f4                std::bad_exception::~bad_exception()
 .text._ZNKSt13bad_exception4whatEv
                0x000000000800f5f8        0x8 /opt/st/stm32cubeide_1.6.0/plugins/com.st.stm32cube.ide.mcu.externaltools.gnu-tools-for-stm32.9-2020-q2-update.linux64_1.5.0.202011040924/tools/bin/../lib/gcc/arm-none-eabi/9.3.1/../../../../arm-none-eabi/lib/thumb/v7e-m/nofp/libstdc++.a(eh_exception.o)
                0x000000000800f5f8                transaction clone for std::bad_exception::what() const
                0x000000000800f5f8                std::bad_exception::what() const
 .text._ZNSt13bad_exceptionD0Ev
                0x000000000800f600       0x10 /opt/st/stm32cubeide_1.6.0/plugins/com.st.stm32cube.ide.mcu.externaltools.gnu-tools-for-stm32.9-2020-q2-update.linux64_1.5.0.202011040924/tools/bin/../lib/gcc/arm-none-eabi/9.3.1/../../../../arm-none-eabi/lib/thumb/v7e-m/nofp/libstdc++.a(eh_exception.o)
                0x000000000800f600                std::bad_exception::~bad_exception()
 .text.__cxa_get_globals_fast
                0x000000000800f610        0x8 /opt/st/stm32cubeide_1.6.0/plugins/com.st.stm32cube.ide.mcu.externaltools.gnu-tools-for-stm32.9-2020-q2-update.linux64_1.5.0.202011040924/tools/bin/../lib/gcc/arm-none-eabi/9.3.1/../../../../arm-none-eabi/lib/thumb/v7e-m/nofp/libstdc++.a(eh_globals.o)
                0x000000000800f610                __cxa_get_globals_fast
 .text.__cxa_get_globals
                0x000000000800f618        0x8 /opt/st/stm32cubeide_1.6.0/plugins/com.st.stm32cube.ide.mcu.externaltools.gnu-tools-for-stm32.9-2020-q2-update.linux64_1.5.0.202011040924/tools/bin/../lib/gcc/arm-none-eabi/9.3.1/../../../../arm-none-eabi/lib/thumb/v7e-m/nofp/libstdc++.a(eh_globals.o)
                0x000000000800f618                __cxa_get_globals
 .text._ZL28read_encoded_value_with_basehjPKhPj
                0x000000000800f620       0xc8 /opt/st/stm32cubeide_1.6.0/plugins/com.st.stm32cube.ide.mcu.externaltools.gnu-tools-for-stm32.9-2020-q2-update.linux64_1.5.0.202011040924/tools/bin/../lib/gcc/arm-none-eabi/9.3.1/../../../../arm-none-eabi/lib/thumb/v7e-m/nofp/libstdc++.a(eh_personality.o)
 .text._ZL21base_of_encoded_valuehP15_Unwind_Context
                0x000000000800f6e8       0x48 /opt/st/stm32cubeide_1.6.0/plugins/com.st.stm32cube.ide.mcu.externaltools.gnu-tools-for-stm32.9-2020-q2-update.linux64_1.5.0.202011040924/tools/bin/../lib/gcc/arm-none-eabi/9.3.1/../../../../arm-none-eabi/lib/thumb/v7e-m/nofp/libstdc++.a(eh_personality.o)
 .text._ZL17parse_lsda_headerP15_Unwind_ContextPKhP16lsda_header_info
                0x000000000800f730       0x94 /opt/st/stm32cubeide_1.6.0/plugins/com.st.stm32cube.ide.mcu.externaltools.gnu-tools-for-stm32.9-2020-q2-update.linux64_1.5.0.202011040924/tools/bin/../lib/gcc/arm-none-eabi/9.3.1/../../../../arm-none-eabi/lib/thumb/v7e-m/nofp/libstdc++.a(eh_personality.o)
 .text.__gxx_personality_v0
                0x000000000800f7c4      0x4a0 /opt/st/stm32cubeide_1.6.0/plugins/com.st.stm32cube.ide.mcu.externaltools.gnu-tools-for-stm32.9-2020-q2-update.linux64_1.5.0.202011040924/tools/bin/../lib/gcc/arm-none-eabi/9.3.1/../../../../arm-none-eabi/lib/thumb/v7e-m/nofp/libstdc++.a(eh_personality.o)
                0x000000000800f7c4                __gxx_personality_v0
 .text._ZN10__cxxabiv111__terminateEPFvvE
                0x000000000800fc64       0x28 /opt/st/stm32cubeide_1.6.0/plugins/com.st.stm32cube.ide.mcu.externaltools.gnu-tools-for-stm32.9-2020-q2-update.linux64_1.5.0.202011040924/tools/bin/../lib/gcc/arm-none-eabi/9.3.1/../../../../arm-none-eabi/lib/thumb/v7e-m/nofp/libstdc++.a(eh_terminate.o)
                0x000000000800fc64                __cxxabiv1::__terminate(void (*)())
 .text._ZSt9terminatev
                0x000000000800fc8c       0x14 /opt/st/stm32cubeide_1.6.0/plugins/com.st.stm32cube.ide.mcu.externaltools.gnu-tools-for-stm32.9-2020-q2-update.linux64_1.5.0.202011040924/tools/bin/../lib/gcc/arm-none-eabi/9.3.1/../../../../arm-none-eabi/lib/thumb/v7e-m/nofp/libstdc++.a(eh_terminate.o)
                0x000000000800fc8c                std::terminate()
 .text._ZN10__cxxabiv112__unexpectedEPFvvE
                0x000000000800fca0        0x8 /opt/st/stm32cubeide_1.6.0/plugins/com.st.stm32cube.ide.mcu.externaltools.gnu-tools-for-stm32.9-2020-q2-update.linux64_1.5.0.202011040924/tools/bin/../lib/gcc/arm-none-eabi/9.3.1/../../../../arm-none-eabi/lib/thumb/v7e-m/nofp/libstdc++.a(eh_terminate.o)
                0x000000000800fca0                __cxxabiv1::__unexpected(void (*)())
 .text._ZSt10unexpectedv
                0x000000000800fca8       0x14 /opt/st/stm32cubeide_1.6.0/plugins/com.st.stm32cube.ide.mcu.externaltools.gnu-tools-for-stm32.9-2020-q2-update.linux64_1.5.0.202011040924/tools/bin/../lib/gcc/arm-none-eabi/9.3.1/../../../../arm-none-eabi/lib/thumb/v7e-m/nofp/libstdc++.a(eh_terminate.o)
                0x000000000800fca8                std::unexpected()
 .text._ZSt13get_terminatev
                0x000000000800fcbc       0x10 /opt/st/stm32cubeide_1.6.0/plugins/com.st.stm32cube.ide.mcu.externaltools.gnu-tools-for-stm32.9-2020-q2-update.linux64_1.5.0.202011040924/tools/bin/../lib/gcc/arm-none-eabi/9.3.1/../../../../arm-none-eabi/lib/thumb/v7e-m/nofp/libstdc++.a(eh_terminate.o)
                0x000000000800fcbc                std::get_terminate()
 .text._ZSt14get_unexpectedv
                0x000000000800fccc       0x10 /opt/st/stm32cubeide_1.6.0/plugins/com.st.stm32cube.ide.mcu.externaltools.gnu-tools-for-stm32.9-2020-q2-update.linux64_1.5.0.202011040924/tools/bin/../lib/gcc/arm-none-eabi/9.3.1/../../../../arm-none-eabi/lib/thumb/v7e-m/nofp/libstdc++.a(eh_terminate.o)
                0x000000000800fccc                std::get_unexpected()
 .text._Znwj    0x000000000800fcdc       0x3c /opt/st/stm32cubeide_1.6.0/plugins/com.st.stm32cube.ide.mcu.externaltools.gnu-tools-for-stm32.9-2020-q2-update.linux64_1.5.0.202011040924/tools/bin/../lib/gcc/arm-none-eabi/9.3.1/../../../../arm-none-eabi/lib/thumb/v7e-m/nofp/libstdc++.a(new_op.o)
                0x000000000800fcdc                operator new(unsigned int)
 .text._Znaj    0x000000000800fd18        0x4 /opt/st/stm32cubeide_1.6.0/plugins/com.st.stm32cube.ide.mcu.externaltools.gnu-tools-for-stm32.9-2020-q2-update.linux64_1.5.0.202011040924/tools/bin/../lib/gcc/arm-none-eabi/9.3.1/../../../../arm-none-eabi/lib/thumb/v7e-m/nofp/libstdc++.a(new_opv.o)
                0x000000000800fd18                operator new[](unsigned int)
 .text._ZN10__cxxabiv120__si_class_type_infoD2Ev
                0x000000000800fd1c       0x14 /opt/st/stm32cubeide_1.6.0/plugins/com.st.stm32cube.ide.mcu.externaltools.gnu-tools-for-stm32.9-2020-q2-update.linux64_1.5.0.202011040924/tools/bin/../lib/gcc/arm-none-eabi/9.3.1/../../../../arm-none-eabi/lib/thumb/v7e-m/nofp/libstdc++.a(si_class_type_info.o)
                0x000000000800fd1c                __cxxabiv1::__si_class_type_info::~__si_class_type_info()
                0x000000000800fd1c                __cxxabiv1::__si_class_type_info::~__si_class_type_info()
 .text._ZN10__cxxabiv120__si_class_type_infoD0Ev
                0x000000000800fd30       0x1c /opt/st/stm32cubeide_1.6.0/plugins/com.st.stm32cube.ide.mcu.externaltools.gnu-tools-for-stm32.9-2020-q2-update.linux64_1.5.0.202011040924/tools/bin/../lib/gcc/arm-none-eabi/9.3.1/../../../../arm-none-eabi/lib/thumb/v7e-m/nofp/libstdc++.a(si_class_type_info.o)
                0x000000000800fd30                __cxxabiv1::__si_class_type_info::~__si_class_type_info()
 .text._ZNK10__cxxabiv120__si_class_type_info20__do_find_public_srcEiPKvPKNS_17__class_type_infoES2_
                0x000000000800fd4c       0x3c /opt/st/stm32cubeide_1.6.0/plugins/com.st.stm32cube.ide.mcu.externaltools.gnu-tools-for-stm32.9-2020-q2-update.linux64_1.5.0.202011040924/tools/bin/../lib/gcc/arm-none-eabi/9.3.1/../../../../arm-none-eabi/lib/thumb/v7e-m/nofp/libstdc++.a(si_class_type_info.o)
                0x000000000800fd4c                __cxxabiv1::__si_class_type_info::__do_find_public_src(int, void const*, __cxxabiv1::__class_type_info const*, void const*) const
 .text._ZNK10__cxxabiv120__si_class_type_info12__do_dyncastEiNS_17__class_type_info10__sub_kindEPKS1_PKvS4_S6_RNS1_16__dyncast_resultE
                0x000000000800fd88       0x84 /opt/st/stm32cubeide_1.6.0/plugins/com.st.stm32cube.ide.mcu.externaltools.gnu-tools-for-stm32.9-2020-q2-update.linux64_1.5.0.202011040924/tools/bin/../lib/gcc/arm-none-eabi/9.3.1/../../../../arm-none-eabi/lib/thumb/v7e-m/nofp/libstdc++.a(si_class_type_info.o)
                0x000000000800fd88                __cxxabiv1::__si_class_type_info::__do_dyncast(int, __cxxabiv1::__class_type_info::__sub_kind, __cxxabiv1::__class_type_info const*, void const*, __cxxabiv1::__class_type_info const*, void const*, __cxxabiv1::__class_type_info::__dyncast_result&) const
 .text._ZNK10__cxxabiv120__si_class_type_info11__do_upcastEPKNS_17__class_type_infoEPKvRNS1_15__upcast_resultE
                0x000000000800fe0c       0x2c /opt/st/stm32cubeide_1.6.0/plugins/com.st.stm32cube.ide.mcu.externaltools.gnu-tools-for-stm32.9-2020-q2-update.linux64_1.5.0.202011040924/tools/bin/../lib/gcc/arm-none-eabi/9.3.1/../../../../arm-none-eabi/lib/thumb/v7e-m/nofp/libstdc++.a(si_class_type_info.o)
                0x000000000800fe0c                __cxxabiv1::__si_class_type_info::__do_upcast(__cxxabiv1::__class_type_info const*, void const*, __cxxabiv1::__class_type_info::__upcast_result&) const
 .text._ZNSt9type_infoD2Ev
                0x000000000800fe38        0x4 /opt/st/stm32cubeide_1.6.0/plugins/com.st.stm32cube.ide.mcu.externaltools.gnu-tools-for-stm32.9-2020-q2-update.linux64_1.5.0.202011040924/tools/bin/../lib/gcc/arm-none-eabi/9.3.1/../../../../arm-none-eabi/lib/thumb/v7e-m/nofp/libstdc++.a(tinfo.o)
                0x000000000800fe38                std::type_info::~type_info()
                0x000000000800fe38                std::type_info::~type_info()
 .text._ZNKSt9type_info14__is_pointer_pEv
                0x000000000800fe3c        0x4 /opt/st/stm32cubeide_1.6.0/plugins/com.st.stm32cube.ide.mcu.externaltools.gnu-tools-for-stm32.9-2020-q2-update.linux64_1.5.0.202011040924/tools/bin/../lib/gcc/arm-none-eabi/9.3.1/../../../../arm-none-eabi/lib/thumb/v7e-m/nofp/libstdc++.a(tinfo.o)
                0x000000000800fe3c                std::type_info::__is_function_p() const
                0x000000000800fe3c                std::type_info::__is_pointer_p() const
 .text._ZNKSt9type_infoeqERKS_
                0x000000000800fe40       0x2c /opt/st/stm32cubeide_1.6.0/plugins/com.st.stm32cube.ide.mcu.externaltools.gnu-tools-for-stm32.9-2020-q2-update.linux64_1.5.0.202011040924/tools/bin/../lib/gcc/arm-none-eabi/9.3.1/../../../../arm-none-eabi/lib/thumb/v7e-m/nofp/libstdc++.a(tinfo.o)
                0x000000000800fe40                std::type_info::operator==(std::type_info const&) const
 .text._ZN9__gnu_cxx27__verbose_terminate_handlerEv
                0x000000000800fe6c      0x10c /opt/st/stm32cubeide_1.6.0/plugins/com.st.stm32cube.ide.mcu.externaltools.gnu-tools-for-stm32.9-2020-q2-update.linux64_1.5.0.202011040924/tools/bin/../lib/gcc/arm-none-eabi/9.3.1/../../../../arm-none-eabi/lib/thumb/v7e-m/nofp/libstdc++.a(vterminate.o)
                0x000000000800fe6c                __gnu_cxx::__verbose_terminate_handler()
 .text._ZNKSt9bad_alloc4whatEv
                0x000000000800ff78        0x8 /opt/st/stm32cubeide_1.6.0/plugins/com.st.stm32cube.ide.mcu.externaltools.gnu-tools-for-stm32.9-2020-q2-update.linux64_1.5.0.202011040924/tools/bin/../lib/gcc/arm-none-eabi/9.3.1/../../../../arm-none-eabi/lib/thumb/v7e-m/nofp/libstdc++.a(bad_alloc.o)
                0x000000000800ff78                std::bad_alloc::what() const
 .text._ZNSt9bad_allocD2Ev
                0x000000000800ff80       0x14 /opt/st/stm32cubeide_1.6.0/plugins/com.st.stm32cube.ide.mcu.externaltools.gnu-tools-for-stm32.9-2020-q2-update.linux64_1.5.0.202011040924/tools/bin/../lib/gcc/arm-none-eabi/9.3.1/../../../../arm-none-eabi/lib/thumb/v7e-m/nofp/libstdc++.a(bad_alloc.o)
                0x000000000800ff80                std::bad_alloc::~bad_alloc()
                0x000000000800ff80                std::bad_alloc::~bad_alloc()
 .text._ZNSt9bad_allocD0Ev
                0x000000000800ff94       0x1c /opt/st/stm32cubeide_1.6.0/plugins/com.st.stm32cube.ide.mcu.externaltools.gnu-tools-for-stm32.9-2020-q2-update.linux64_1.5.0.202011040924/tools/bin/../lib/gcc/arm-none-eabi/9.3.1/../../../../arm-none-eabi/lib/thumb/v7e-m/nofp/libstdc++.a(bad_alloc.o)
                0x000000000800ff94                std::bad_alloc::~bad_alloc()
 .text._ZN12_GLOBAL__N_14pool4freeEPv.constprop.0
                0x000000000800ffb0       0x8c /opt/st/stm32cubeide_1.6.0/plugins/com.st.stm32cube.ide.mcu.externaltools.gnu-tools-for-stm32.9-2020-q2-update.linux64_1.5.0.202011040924/tools/bin/../lib/gcc/arm-none-eabi/9.3.1/../../../../arm-none-eabi/lib/thumb/v7e-m/nofp/libstdc++.a(eh_alloc.o)
 .text._ZN12_GLOBAL__N_14pool8allocateEj.constprop.0
                0x000000000801003c       0x50 /opt/st/stm32cubeide_1.6.0/plugins/com.st.stm32cube.ide.mcu.externaltools.gnu-tools-for-stm32.9-2020-q2-update.linux64_1.5.0.202011040924/tools/bin/../lib/gcc/arm-none-eabi/9.3.1/../../../../arm-none-eabi/lib/thumb/v7e-m/nofp/libstdc++.a(eh_alloc.o)
 .text.__cxa_allocate_exception
                0x000000000801008c       0x30 /opt/st/stm32cubeide_1.6.0/plugins/com.st.stm32cube.ide.mcu.externaltools.gnu-tools-for-stm32.9-2020-q2-update.linux64_1.5.0.202011040924/tools/bin/../lib/gcc/arm-none-eabi/9.3.1/../../../../arm-none-eabi/lib/thumb/v7e-m/nofp/libstdc++.a(eh_alloc.o)
                0x000000000801008c                __cxa_allocate_exception
 .text.__cxa_free_exception
                0x00000000080100bc       0x20 /opt/st/stm32cubeide_1.6.0/plugins/com.st.stm32cube.ide.mcu.externaltools.gnu-tools-for-stm32.9-2020-q2-update.linux64_1.5.0.202011040924/tools/bin/../lib/gcc/arm-none-eabi/9.3.1/../../../../arm-none-eabi/lib/thumb/v7e-m/nofp/libstdc++.a(eh_alloc.o)
                0x00000000080100bc                __cxa_free_exception
 .text.startup._GLOBAL__sub_I__ZN9__gnu_cxx9__freeresEv
                0x00000000080100dc       0x28 /opt/st/stm32cubeide_1.6.0/plugins/com.st.stm32cube.ide.mcu.externaltools.gnu-tools-for-stm32.9-2020-q2-update.linux64_1.5.0.202011040924/tools/bin/../lib/gcc/arm-none-eabi/9.3.1/../../../../arm-none-eabi/lib/thumb/v7e-m/nofp/libstdc++.a(eh_alloc.o)
 .text._ZN10__cxxabiv1L24__is_gxx_exception_classEPc
                0x0000000008010104       0x3c /opt/st/stm32cubeide_1.6.0/plugins/com.st.stm32cube.ide.mcu.externaltools.gnu-tools-for-stm32.9-2020-q2-update.linux64_1.5.0.202011040924/tools/bin/../lib/gcc/arm-none-eabi/9.3.1/../../../../arm-none-eabi/lib/thumb/v7e-m/nofp/libstdc++.a(eh_call.o)
 .text.__cxa_call_terminate
                0x0000000008010140       0x20 /opt/st/stm32cubeide_1.6.0/plugins/com.st.stm32cube.ide.mcu.externaltools.gnu-tools-for-stm32.9-2020-q2-update.linux64_1.5.0.202011040924/tools/bin/../lib/gcc/arm-none-eabi/9.3.1/../../../../arm-none-eabi/lib/thumb/v7e-m/nofp/libstdc++.a(eh_call.o)
                0x0000000008010140                __cxa_call_terminate
 .text.unlikely.__cxa_call_unexpected
                0x0000000008010160       0xe0 /opt/st/stm32cubeide_1.6.0/plugins/com.st.stm32cube.ide.mcu.externaltools.gnu-tools-for-stm32.9-2020-q2-update.linux64_1.5.0.202011040924/tools/bin/../lib/gcc/arm-none-eabi/9.3.1/../../../../arm-none-eabi/lib/thumb/v7e-m/nofp/libstdc++.a(eh_call.o)
                0x0000000008010160                __cxa_call_unexpected
 .text.__cxa_begin_catch
                0x0000000008010240       0x7c /opt/st/stm32cubeide_1.6.0/plugins/com.st.stm32cube.ide.mcu.externaltools.gnu-tools-for-stm32.9-2020-q2-update.linux64_1.5.0.202011040924/tools/bin/../lib/gcc/arm-none-eabi/9.3.1/../../../../arm-none-eabi/lib/thumb/v7e-m/nofp/libstdc++.a(eh_catch.o)
                0x0000000008010240                __cxa_begin_catch
 .text.__cxa_end_catch
                0x00000000080102bc       0x88 /opt/st/stm32cubeide_1.6.0/plugins/com.st.stm32cube.ide.mcu.externaltools.gnu-tools-for-stm32.9-2020-q2-update.linux64_1.5.0.202011040924/tools/bin/../lib/gcc/arm-none-eabi/9.3.1/../../../../arm-none-eabi/lib/thumb/v7e-m/nofp/libstdc++.a(eh_catch.o)
                0x00000000080102bc                __cxa_end_catch
 .text._ZL23__gxx_exception_cleanup19_Unwind_Reason_CodeP21_Unwind_Control_Block
                0x0000000008010344       0x44 /opt/st/stm32cubeide_1.6.0/plugins/com.st.stm32cube.ide.mcu.externaltools.gnu-tools-for-stm32.9-2020-q2-update.linux64_1.5.0.202011040924/tools/bin/../lib/gcc/arm-none-eabi/9.3.1/../../../../arm-none-eabi/lib/thumb/v7e-m/nofp/libstdc++.a(eh_throw.o)
 .text.__cxa_init_primary_exception
                0x0000000008010388       0x58 /opt/st/stm32cubeide_1.6.0/plugins/com.st.stm32cube.ide.mcu.externaltools.gnu-tools-for-stm32.9-2020-q2-update.linux64_1.5.0.202011040924/tools/bin/../lib/gcc/arm-none-eabi/9.3.1/../../../../arm-none-eabi/lib/thumb/v7e-m/nofp/libstdc++.a(eh_throw.o)
                0x0000000008010388                __cxa_init_primary_exception
 .text.__cxa_throw